mkdir -p /home/terrylin/work/rv32i-single-cycle/build/verilator-isa-single
/usr/local/bin/verilator -cc --exe -Mdir /home/terrylin/work/rv32i-single-cycle/build/verilator-isa-single --top-module rv32i_core --Wall -Wno-fatal --timescale 1ns/1ps --vpi --public-flat-rw --prefix Vtop -o Vtop -LDFLAGS "-Wl,-rpath,/home/terrylin/work/rv32i-single-cycle/.venv/lib/python3.12/site-packages/cocotb/libs -L/home/terrylin/work/rv32i-single-cycle/.venv/lib/python3.12/site-packages/cocotb/libs -lcocotbvpi_verilator"  /home/terrylin/work/rv32i-single-cycle/rtl/rv32i_core.sv /home/terrylin/work/rv32i-single-cycle/rtl/pc.sv /home/terrylin/work/rv32i-single-cycle/rtl/decoder.sv /home/terrylin/work/rv32i-single-cycle/rtl/register_file.sv /home/terrylin/work/rv32i-single-cycle/rtl/immediate_generator.sv /home/terrylin/work/rv32i-single-cycle/rtl/alu.sv /home/terrylin/work/rv32i-single-cycle/.venv/lib/python3.12/site-packages/cocotb/share/lib/verilator/verilator.cpp
- V e r i l a t i o n   R e p o r t: Verilator 5.050 2026-07-01 rev v5.050
- Verilator: Built from 0.183 MB sources in 7 modules, into 0.144 MB in 7 C++ files needing 0.000 MB
- Verilator: Walltime 0.024 s (elab=0.002, cvt=0.016, bld=0.000); cpu 0.024 s on 1 threads; allocated 23.781 MB
make -C /home/terrylin/work/rv32i-single-cycle/build/verilator-isa-single  -f Vtop.mk
g++  -I.  -MMD -I/usr/local/share/verilator/include -I/usr/local/share/verilator/include/vltstd -DVERILATOR=1 -DVM_COVERAGE=0 -DVM_SC=0 -DVM_TIMING=0 -DVM_TRACE=0 -DVM_TRACE_FST=0 -DVM_TRACE_VCD=0 -DVM_TRACE_SAIF=0 -DVM_VPI=1 -faligned-new -fcf-protection=none -Wno-bool-operation -Wno-int-in-bool-context -Wno-shadow -Wno-sign-compare -Wno-subobject-linkage -Wno-tautological-compare -Wno-uninitialized -Wno-unused-but-set-parameter -Wno-unused-but-set-variable -Wno-unused-parameter -Wno-unused-variable      -Os  -c -o verilator.o /home/terrylin/work/rv32i-single-cycle/.venv/lib/python3.12/site-packages/cocotb/share/lib/verilator/verilator.cpp
g++ -Os  -I.  -MMD -I/usr/local/share/verilator/include -I/usr/local/share/verilator/include/vltstd -DVERILATOR=1 -DVM_COVERAGE=0 -DVM_SC=0 -DVM_TIMING=0 -DVM_TRACE=0 -DVM_TRACE_FST=0 -DVM_TRACE_VCD=0 -DVM_TRACE_SAIF=0 -DVM_VPI=1 -faligned-new -fcf-protection=none -Wno-bool-operation -Wno-int-in-bool-context -Wno-shadow -Wno-sign-compare -Wno-subobject-linkage -Wno-tautological-compare -Wno-uninitialized -Wno-unused-but-set-parameter -Wno-unused-but-set-variable -Wno-unused-parameter -Wno-unused-variable      -c -o verilated.o /usr/local/share/verilator/include/verilated.cpp
g++ -Os  -I.  -MMD -I/usr/local/share/verilator/include -I/usr/local/share/verilator/include/vltstd -DVERILATOR=1 -DVM_COVERAGE=0 -DVM_SC=0 -DVM_TIMING=0 -DVM_TRACE=0 -DVM_TRACE_FST=0 -DVM_TRACE_VCD=0 -DVM_TRACE_SAIF=0 -DVM_VPI=1 -faligned-new -fcf-protection=none -Wno-bool-operation -Wno-int-in-bool-context -Wno-shadow -Wno-sign-compare -Wno-subobject-linkage -Wno-tautological-compare -Wno-uninitialized -Wno-unused-but-set-parameter -Wno-unused-but-set-variable -Wno-unused-parameter -Wno-unused-variable      -c -o verilated_dpi.o /usr/local/share/verilator/include/verilated_dpi.cpp
g++ -Os  -I.  -MMD -I/usr/local/share/verilator/include -I/usr/local/share/verilator/include/vltstd -DVERILATOR=1 -DVM_COVERAGE=0 -DVM_SC=0 -DVM_TIMING=0 -DVM_TRACE=0 -DVM_TRACE_FST=0 -DVM_TRACE_VCD=0 -DVM_TRACE_SAIF=0 -DVM_VPI=1 -faligned-new -fcf-protection=none -Wno-bool-operation -Wno-int-in-bool-context -Wno-shadow -Wno-sign-compare -Wno-subobject-linkage -Wno-tautological-compare -Wno-uninitialized -Wno-unused-but-set-parameter -Wno-unused-but-set-variable -Wno-unused-parameter -Wno-unused-variable      -c -o verilated_vpi.o /usr/local/share/verilator/include/verilated_vpi.cpp
g++ -Os  -I.  -MMD -I/usr/local/share/verilator/include -I/usr/local/share/verilator/include/vltstd -DVERILATOR=1 -DVM_COVERAGE=0 -DVM_SC=0 -DVM_TIMING=0 -DVM_TRACE=0 -DVM_TRACE_FST=0 -DVM_TRACE_VCD=0 -DVM_TRACE_SAIF=0 -DVM_VPI=1 -faligned-new -fcf-protection=none -Wno-bool-operation -Wno-int-in-bool-context -Wno-shadow -Wno-sign-compare -Wno-subobject-linkage -Wno-tautological-compare -Wno-uninitialized -Wno-unused-but-set-parameter -Wno-unused-but-set-variable -Wno-unused-parameter -Wno-unused-variable      -c -o verilated_threads.o /usr/local/share/verilator/include/verilated_threads.cpp
python3 /usr/local/share/verilator/bin/verilator_includer -DVL_INCLUDE_OPT=include Vtop.cpp Vtop___024root__0.cpp Vtop__Dpi.cpp Vtop__ConstPool__0__Slow.cpp Vtop___024root__Slow.cpp Vtop___024root__0__Slow.cpp Vtop__Syms__Slow.cpp > Vtop__ALL.cpp
g++ -Os  -I.  -MMD -I/usr/local/share/verilator/include -I/usr/local/share/verilator/include/vltstd -DVERILATOR=1 -DVM_COVERAGE=0 -DVM_SC=0 -DVM_TIMING=0 -DVM_TRACE=0 -DVM_TRACE_FST=0 -DVM_TRACE_VCD=0 -DVM_TRACE_SAIF=0 -DVM_VPI=1 -faligned-new -fcf-protection=none -Wno-bool-operation -Wno-int-in-bool-context -Wno-shadow -Wno-sign-compare -Wno-subobject-linkage -Wno-tautological-compare -Wno-uninitialized -Wno-unused-but-set-parameter -Wno-unused-but-set-variable -Wno-unused-parameter -Wno-unused-variable      -c -o Vtop__ALL.o Vtop__ALL.cpp
g++    -rdynamic verilator.o verilated.o verilated_dpi.o verilated_vpi.o verilated_threads.o Vtop__ALL.a   -Wl,-rpath,/home/terrylin/work/rv32i-single-cycle/.venv/lib/python3.12/site-packages/cocotb/libs -L/home/terrylin/work/rv32i-single-cycle/.venv/lib/python3.12/site-packages/cocotb/libs -lcocotbvpi_verilator  -pthread -lpthread -latomic -ldl   -o Vtop
rm Vtop__ALL.verilator_deplist.tmp
rm -f /home/terrylin/work/rv32i-single-cycle/build/isa-reference/single.xml
COCOTB_TEST_MODULES=test_isa_reference COCOTB_TESTCASE= COCOTB_TEST_FILTER= COCOTB_TOPLEVEL=rv32i_core TOPLEVEL_LANG=verilog \
         /home/terrylin/work/rv32i-single-cycle/build/verilator-isa-single/Vtop     
     -.--ns INFO     gpi                                ..mbed/gpi_embed.cpp:93   in _embed_init_python              Using Python 3.12.4 interpreter at /home/terrylin/work/rv32i-single-cycle/.venv/bin/python3
     -.--ns INFO     gpi                                ../gpi/GpiCommon.cpp:79   in gpi_print_registered_impl       VPI registered
     0.00ns INFO     cocotb                             Running on Verilator version 5.050 2026-07-01
     0.00ns INFO     cocotb                             Seeding Python random module with 1791282797
     0.00ns INFO     cocotb                             Initialized cocotb v2.0.1 from /home/terrylin/work/rv32i-single-cycle/.venv/lib/python3.12/site-packages/cocotb
     0.00ns INFO     cocotb                             Running tests
     0.00ns INFO     cocotb.regression                  running test_isa_reference.independent_machine_code_programs (1/2)
 94156.00ns INFO     cocotb.rv32i_core                  INDEPENDENT_ISA single programs=64 retired=23523 stores=1627 instruction_kinds=37
 94156.00ns INFO     cocotb.regression                  test_isa_reference.independent_machine_code_programs passed
 94156.00ns INFO     cocotb.regression                  running test_isa_reference.fence_in_strongly_ordered_memory_model (2/2)
 98265.00ns INFO     cocotb.rv32i_core                  INDEPENDENT_ISA single programs=1 retired=1027 stores=256 instruction_kinds=4
 98265.00ns INFO     cocotb.regression                  test_isa_reference.fence_in_strongly_ordered_memory_model passed
 98265.00ns INFO     cocotb.regression                  *******************************************************************************************************************
                                                        ** TEST                                                       STATUS  SIM TIME (ns)  REAL TIME (s)  RATIO (ns/s) **
                                                        *******************************************************************************************************************
                                                        ** test_isa_reference.independent_machine_code_programs        PASS       94156.00           3.05      30892.34  **
                                                        ** test_isa_reference.fence_in_strongly_ordered_memory_model   PASS        4109.00           0.06      65225.47  **
                                                        *******************************************************************************************************************
                                                        ** TESTS=2 PASS=2 FAIL=0 SKIP=0                                           98265.00           3.11      31578.22  **
                                                        *******************************************************************************************************************
- :0: Verilog $finish
mkdir -p /home/terrylin/work/rv32i-single-cycle/build/verilator-isa-pipeline
/usr/local/bin/verilator -cc --exe -Mdir /home/terrylin/work/rv32i-single-cycle/build/verilator-isa-pipeline --top-module rv32i_pipeline_core --Wall -Wno-fatal --timescale 1ns/1ps --vpi --public-flat-rw --prefix Vtop -o Vtop -LDFLAGS "-Wl,-rpath,/home/terrylin/work/rv32i-single-cycle/.venv/lib/python3.12/site-packages/cocotb/libs -L/home/terrylin/work/rv32i-single-cycle/.venv/lib/python3.12/site-packages/cocotb/libs -lcocotbvpi_verilator"  /home/terrylin/work/rv32i-single-cycle/rtl/rv32i_pipeline_core.sv /home/terrylin/work/rv32i-single-cycle/rtl/pipeline_frontend.sv /home/terrylin/work/rv32i-single-cycle/rtl/pipeline_id.sv /home/terrylin/work/rv32i-single-cycle/rtl/pipeline_id_ex.sv /home/terrylin/work/rv32i-single-cycle/rtl/pipeline_ex.sv /home/terrylin/work/rv32i-single-cycle/rtl/pipeline_ex_mem.sv /home/terrylin/work/rv32i-single-cycle/rtl/pipeline_hazard.sv /home/terrylin/work/rv32i-single-cycle/rtl/pipeline_mem.sv /home/terrylin/work/rv32i-single-cycle/rtl/pipeline_mem_wb.sv /home/terrylin/work/rv32i-single-cycle/rtl/decoder.sv /home/terrylin/work/rv32i-single-cycle/rtl/immediate_generator.sv /home/terrylin/work/rv32i-single-cycle/rtl/register_file.sv /home/terrylin/work/rv32i-single-cycle/rtl/alu.sv /home/terrylin/work/rv32i-single-cycle/.venv/lib/python3.12/site-packages/cocotb/share/lib/verilator/verilator.cpp
- V e r i l a t i o n   R e p o r t: Verilator 5.050 2026-07-01 rev v5.050
- Verilator: Built from 0.630 MB sources in 14 modules, into 0.428 MB in 7 C++ files needing 0.000 MB
- Verilator: Walltime 0.045 s (elab=0.004, cvt=0.031, bld=0.000); cpu 0.045 s on 1 threads; allocated 25.969 MB
make -C /home/terrylin/work/rv32i-single-cycle/build/verilator-isa-pipeline  -f Vtop.mk
g++  -I.  -MMD -I/usr/local/share/verilator/include -I/usr/local/share/verilator/include/vltstd -DVERILATOR=1 -DVM_COVERAGE=0 -DVM_SC=0 -DVM_TIMING=0 -DVM_TRACE=0 -DVM_TRACE_FST=0 -DVM_TRACE_VCD=0 -DVM_TRACE_SAIF=0 -DVM_VPI=1 -faligned-new -fcf-protection=none -Wno-bool-operation -Wno-int-in-bool-context -Wno-shadow -Wno-sign-compare -Wno-subobject-linkage -Wno-tautological-compare -Wno-uninitialized -Wno-unused-but-set-parameter -Wno-unused-but-set-variable -Wno-unused-parameter -Wno-unused-variable      -Os  -c -o verilator.o /home/terrylin/work/rv32i-single-cycle/.venv/lib/python3.12/site-packages/cocotb/share/lib/verilator/verilator.cpp
g++ -Os  -I.  -MMD -I/usr/local/share/verilator/include -I/usr/local/share/verilator/include/vltstd -DVERILATOR=1 -DVM_COVERAGE=0 -DVM_SC=0 -DVM_TIMING=0 -DVM_TRACE=0 -DVM_TRACE_FST=0 -DVM_TRACE_VCD=0 -DVM_TRACE_SAIF=0 -DVM_VPI=1 -faligned-new -fcf-protection=none -Wno-bool-operation -Wno-int-in-bool-context -Wno-shadow -Wno-sign-compare -Wno-subobject-linkage -Wno-tautological-compare -Wno-uninitialized -Wno-unused-but-set-parameter -Wno-unused-but-set-variable -Wno-unused-parameter -Wno-unused-variable      -c -o verilated.o /usr/local/share/verilator/include/verilated.cpp
g++ -Os  -I.  -MMD -I/usr/local/share/verilator/include -I/usr/local/share/verilator/include/vltstd -DVERILATOR=1 -DVM_COVERAGE=0 -DVM_SC=0 -DVM_TIMING=0 -DVM_TRACE=0 -DVM_TRACE_FST=0 -DVM_TRACE_VCD=0 -DVM_TRACE_SAIF=0 -DVM_VPI=1 -faligned-new -fcf-protection=none -Wno-bool-operation -Wno-int-in-bool-context -Wno-shadow -Wno-sign-compare -Wno-subobject-linkage -Wno-tautological-compare -Wno-uninitialized -Wno-unused-but-set-parameter -Wno-unused-but-set-variable -Wno-unused-parameter -Wno-unused-variable      -c -o verilated_dpi.o /usr/local/share/verilator/include/verilated_dpi.cpp
g++ -Os  -I.  -MMD -I/usr/local/share/verilator/include -I/usr/local/share/verilator/include/vltstd -DVERILATOR=1 -DVM_COVERAGE=0 -DVM_SC=0 -DVM_TIMING=0 -DVM_TRACE=0 -DVM_TRACE_FST=0 -DVM_TRACE_VCD=0 -DVM_TRACE_SAIF=0 -DVM_VPI=1 -faligned-new -fcf-protection=none -Wno-bool-operation -Wno-int-in-bool-context -Wno-shadow -Wno-sign-compare -Wno-subobject-linkage -Wno-tautological-compare -Wno-uninitialized -Wno-unused-but-set-parameter -Wno-unused-but-set-variable -Wno-unused-parameter -Wno-unused-variable      -c -o verilated_vpi.o /usr/local/share/verilator/include/verilated_vpi.cpp
g++ -Os  -I.  -MMD -I/usr/local/share/verilator/include -I/usr/local/share/verilator/include/vltstd -DVERILATOR=1 -DVM_COVERAGE=0 -DVM_SC=0 -DVM_TIMING=0 -DVM_TRACE=0 -DVM_TRACE_FST=0 -DVM_TRACE_VCD=0 -DVM_TRACE_SAIF=0 -DVM_VPI=1 -faligned-new -fcf-protection=none -Wno-bool-operation -Wno-int-in-bool-context -Wno-shadow -Wno-sign-compare -Wno-subobject-linkage -Wno-tautological-compare -Wno-uninitialized -Wno-unused-but-set-parameter -Wno-unused-but-set-variable -Wno-unused-parameter -Wno-unused-variable      -c -o verilated_threads.o /usr/local/share/verilator/include/verilated_threads.cpp
python3 /usr/local/share/verilator/bin/verilator_includer -DVL_INCLUDE_OPT=include Vtop.cpp Vtop___024root__0.cpp Vtop__Dpi.cpp Vtop__ConstPool__0__Slow.cpp Vtop___024root__Slow.cpp Vtop___024root__0__Slow.cpp Vtop__Syms__Slow.cpp > Vtop__ALL.cpp
g++ -Os  -I.  -MMD -I/usr/local/share/verilator/include -I/usr/local/share/verilator/include/vltstd -DVERILATOR=1 -DVM_COVERAGE=0 -DVM_SC=0 -DVM_TIMING=0 -DVM_TRACE=0 -DVM_TRACE_FST=0 -DVM_TRACE_VCD=0 -DVM_TRACE_SAIF=0 -DVM_VPI=1 -faligned-new -fcf-protection=none -Wno-bool-operation -Wno-int-in-bool-context -Wno-shadow -Wno-sign-compare -Wno-subobject-linkage -Wno-tautological-compare -Wno-uninitialized -Wno-unused-but-set-parameter -Wno-unused-but-set-variable -Wno-unused-parameter -Wno-unused-variable      -c -o Vtop__ALL.o Vtop__ALL.cpp
g++    -rdynamic verilator.o verilated.o verilated_dpi.o verilated_vpi.o verilated_threads.o Vtop__ALL.a   -Wl,-rpath,/home/terrylin/work/rv32i-single-cycle/.venv/lib/python3.12/site-packages/cocotb/libs -L/home/terrylin/work/rv32i-single-cycle/.venv/lib/python3.12/site-packages/cocotb/libs -lcocotbvpi_verilator  -pthread -lpthread -latomic -ldl   -o Vtop
rm Vtop__ALL.verilator_deplist.tmp
rm -f /home/terrylin/work/rv32i-single-cycle/build/isa-reference/pipeline.xml
COCOTB_TEST_MODULES=test_isa_reference COCOTB_TESTCASE= COCOTB_TEST_FILTER= COCOTB_TOPLEVEL=rv32i_pipeline_core TOPLEVEL_LANG=verilog \
         /home/terrylin/work/rv32i-single-cycle/build/verilator-isa-pipeline/Vtop     
     -.--ns INFO     gpi                                ..mbed/gpi_embed.cpp:93   in _embed_init_python              Using Python 3.12.4 interpreter at /home/terrylin/work/rv32i-single-cycle/.venv/bin/python3
     -.--ns INFO     gpi                                ../gpi/GpiCommon.cpp:79   in gpi_print_registered_impl       VPI registered
     0.00ns INFO     cocotb                             Running on Verilator version 5.050 2026-07-01
     0.00ns INFO     cocotb                             Seeding Python random module with 1791282813
     0.00ns INFO     cocotb                             Initialized cocotb v2.0.1 from /home/terrylin/work/rv32i-single-cycle/.venv/lib/python3.12/site-packages/cocotb
     0.00ns INFO     cocotb                             Running tests
     0.00ns INFO     cocotb.regression                  running test_isa_reference.independent_machine_code_programs (1/2)
129392.00ns INFO     cocotb.rv32i_pipeline_core         INDEPENDENT_ISA pipeline programs=64 retired=23523 stores=1627 instruction_kinds=37
129392.00ns INFO     cocotb.regression                  test_isa_reference.independent_machine_code_programs passed
129392.00ns INFO     cocotb.regression                  running test_isa_reference.fence_in_strongly_ordered_memory_model (2/2)
134541.00ns INFO     cocotb.rv32i_pipeline_core         INDEPENDENT_ISA pipeline programs=1 retired=1027 stores=256 instruction_kinds=4
134541.00ns INFO     cocotb.regression                  test_isa_reference.fence_in_strongly_ordered_memory_model passed
134541.00ns INFO     cocotb.regression                  *******************************************************************************************************************
                                                        ** TEST                                                       STATUS  SIM TIME (ns)  REAL TIME (s)  RATIO (ns/s) **
                                                        *******************************************************************************************************************
                                                        ** test_isa_reference.independent_machine_code_programs        PASS      129392.00           3.40      38107.18  **
                                                        ** test_isa_reference.fence_in_strongly_ordered_memory_model   PASS        5149.00           0.07      70618.94  **
                                                        *******************************************************************************************************************
                                                        ** TESTS=2 PASS=2 FAIL=0 SKIP=0                                          134541.00           3.47      38780.59  **
                                                        *******************************************************************************************************************
- :0: Verilog $finish
