
-- Running command `read_liberty -lib -ignore_miss_func build/timing/NangateOpenCellLibrary_typical.lib; read_verilog -sv rtl/rv32i_core.sv rtl/pc.sv rtl/decoder.sv rtl/register_file.sv rtl/immediate_generator.sv rtl/alu.sv; hierarchy -check -top rv32i_core; synth -top rv32i_core -flatten; dfflibmap -liberty build/timing/NangateOpenCellLibrary_typical.lib; abc -liberty build/timing/NangateOpenCellLibrary_typical.lib; clean; check -assert; stat -liberty build/timing/NangateOpenCellLibrary_typical.lib; write_verilog -noattr -noexpr -nodec build/timing/rv32i_core_nangate45.v' --

1. Executing Liberty frontend: build/timing/NangateOpenCellLibrary_typical.lib
Imported 135 cell types from liberty file.

2. Executing Verilog-2005 frontend: rtl/rv32i_core.sv
Parsing SystemVerilog input from `rtl/rv32i_core.sv' to AST representation.
Generating RTLIL representation for module `\rv32i_core'.
Successfully finished Verilog frontend.

3. Executing Verilog-2005 frontend: rtl/pc.sv
Parsing SystemVerilog input from `rtl/pc.sv' to AST representation.
Generating RTLIL representation for module `\pc'.
Successfully finished Verilog frontend.

4. Executing Verilog-2005 frontend: rtl/decoder.sv
Parsing SystemVerilog input from `rtl/decoder.sv' to AST representation.
Generating RTLIL representation for module `\decoder'.
Successfully finished Verilog frontend.

5. Executing Verilog-2005 frontend: rtl/register_file.sv
Parsing SystemVerilog input from `rtl/register_file.sv' to AST representation.
Generating RTLIL representation for module `\register_file'.
Successfully finished Verilog frontend.

6. Executing Verilog-2005 frontend: rtl/immediate_generator.sv
Parsing SystemVerilog input from `rtl/immediate_generator.sv' to AST representation.
Generating RTLIL representation for module `\immediate_generator'.
Successfully finished Verilog frontend.

7. Executing Verilog-2005 frontend: rtl/alu.sv
Parsing SystemVerilog input from `rtl/alu.sv' to AST representation.
Generating RTLIL representation for module `\alu'.
Successfully finished Verilog frontend.

8. Executing HIERARCHY pass (managing design hierarchy).

8.1. Analyzing design hierarchy..
Top module:  \rv32i_core
Used module:     \alu
Used module:     \immediate_generator
Used module:     \register_file
Used module:     \decoder
Used module:     \pc

8.2. Analyzing design hierarchy..
Top module:  \rv32i_core
Used module:     \alu
Used module:     \immediate_generator
Used module:     \register_file
Used module:     \decoder
Used module:     \pc
Removed 0 unused modules.

9. Executing SYNTH pass.

9.1. Executing HIERARCHY pass (managing design hierarchy).

9.1.1. Analyzing design hierarchy..
Top module:  \rv32i_core
Used module:     \alu
Used module:     \immediate_generator
Used module:     \register_file
Used module:     \decoder
Used module:     \pc

9.1.2. Analyzing design hierarchy..
Top module:  \rv32i_core
Used module:     \alu
Used module:     \immediate_generator
Used module:     \register_file
Used module:     \decoder
Used module:     \pc
Removed 0 unused modules.

9.2. Executing PROC pass (convert processes to netlists).

9.2.1. Executing PROC_CLEAN pass (remove empty switches from decision trees).
Cleaned up 0 empty switches.

9.2.2. Executing PROC_RMDEAD pass (remove dead branches from decision trees).
Marked 1 switch rules as full_case in process $proc$rtl/alu.sv:0$68 in module alu.
Marked 1 switch rules as full_case in process $proc$rtl/immediate_generator.sv:0$67 in module immediate_generator.
Marked 1 switch rules as full_case in process $proc$rtl/register_file.sv:17$58 in module register_file.
Removed 1 dead cases from process $proc$rtl/decoder.sv:0$32 in module decoder.
Marked 21 switch rules as full_case in process $proc$rtl/decoder.sv:0$32 in module decoder.
Marked 1 switch rules as full_case in process $proc$rtl/pc.sv:18$31 in module pc.
Marked 1 switch rules as full_case in process $proc$rtl/pc.sv:0$29 in module pc.
Marked 1 switch rules as full_case in process $proc$rtl/rv32i_core.sv:0$26 in module rv32i_core.
Marked 1 switch rules as full_case in process $proc$rtl/rv32i_core.sv:0$25 in module rv32i_core.
Removed 1 dead cases from process $proc$rtl/rv32i_core.sv:0$24 in module rv32i_core.
Marked 1 switch rules as full_case in process $proc$rtl/rv32i_core.sv:0$24 in module rv32i_core.
Marked 1 switch rules as full_case in process $proc$rtl/rv32i_core.sv:0$20 in module rv32i_core.
Marked 2 switch rules as full_case in process $proc$rtl/rv32i_core.sv:0$12 in module rv32i_core.
Removed 1 dead cases from process $proc$rtl/rv32i_core.sv:0$4 in module rv32i_core.
Marked 5 switch rules as full_case in process $proc$rtl/rv32i_core.sv:0$4 in module rv32i_core.
Removed 1 dead cases from process $proc$rtl/rv32i_core.sv:0$3 in module rv32i_core.
Marked 1 switch rules as full_case in process $proc$rtl/rv32i_core.sv:0$3 in module rv32i_core.
Removed a total of 4 dead cases.

9.2.3. Executing PROC_PRUNE pass (remove redundant assignments in processes).
Removed 1 redundant assignment.
Promoted 24 assignments to connections.

9.2.4. Executing PROC_INIT pass (extract init attributes).

9.2.5. Executing PROC_ARST pass (detect async resets in processes).

9.2.6. Executing PROC_ROM pass (convert switches to ROMs).
Converted 0 switches.
<suppressed ~38 debug messages>

9.2.7. Executing PROC_MUX pass (convert decision trees to multiplexers).
Creating decoders for process `\alu.$proc$rtl/alu.sv:0$68'.
     1/1: $1\result[31:0]
Creating decoders for process `\immediate_generator.$proc$rtl/immediate_generator.sv:0$67'.
     1/1: $1\imm[31:0]
Creating decoders for process `\register_file.$proc$rtl/register_file.sv:17$58'.
     1/3: $1$memwr$\registers$rtl/register_file.sv:19$51_EN[31:0]$66
     2/3: $1$memwr$\registers$rtl/register_file.sv:19$51_DATA[31:0]$65
     3/3: $1$memwr$\registers$rtl/register_file.sv:19$51_ADDR[4:0]$64
Creating decoders for process `\decoder.$proc$rtl/decoder.sv:0$32'.
     1/96: $2\jump_type[1:0]
     2/96: $21\alu_op[3:0]
     3/96: $20\imm_type[2:0]
     4/96: $7\result_src[1:0]
     5/96: $14\alu_src[0:0]
     6/96: $2\alu_a_pc[0:0]
     7/96: $12\reg_write[0:0]
     8/96: $7\branch_type[2:0]
     9/96: $20\alu_op[3:0]
    10/96: $19\imm_type[2:0]
    11/96: $7\branch[0:0]
    12/96: $6\branch_type[2:0]
    13/96: $19\alu_op[3:0]
    14/96: $18\imm_type[2:0]
    15/96: $6\branch[0:0]
    16/96: $5\branch_type[2:0]
    17/96: $18\alu_op[3:0]
    18/96: $17\imm_type[2:0]
    19/96: $5\branch[0:0]
    20/96: $4\branch_type[2:0]
    21/96: $17\alu_op[3:0]
    22/96: $16\imm_type[2:0]
    23/96: $4\branch[0:0]
    24/96: $3\branch_type[2:0]
    25/96: $16\alu_op[3:0]
    26/96: $15\imm_type[2:0]
    27/96: $3\branch[0:0]
    28/96: $2\branch_type[2:0]
    29/96: $15\alu_op[3:0]
    30/96: $14\imm_type[2:0]
    31/96: $2\branch[0:0]
    32/96: $14\alu_op[3:0]
    33/96: $13\imm_type[2:0]
    34/96: $4\mem_write[0:0]
    35/96: $13\alu_src[0:0]
    36/96: $13\alu_op[3:0]
    37/96: $12\imm_type[2:0]
    38/96: $3\mem_write[0:0]
    39/96: $12\alu_src[0:0]
    40/96: $12\alu_op[3:0]
    41/96: $11\imm_type[2:0]
    42/96: $2\mem_write[0:0]
    43/96: $11\alu_src[0:0]
    44/96: $11\alu_op[3:0]
    45/96: $10\imm_type[2:0]
    46/96: $6\result_src[1:0]
    47/96: $10\alu_src[0:0]
    48/96: $11\reg_write[0:0]
    49/96: $10\alu_op[3:0]
    50/96: $9\imm_type[2:0]
    51/96: $5\result_src[1:0]
    52/96: $9\alu_src[0:0]
    53/96: $10\reg_write[0:0]
    54/96: $9\alu_op[3:0]
    55/96: $8\imm_type[2:0]
    56/96: $4\result_src[1:0]
    57/96: $8\alu_src[0:0]
    58/96: $9\reg_write[0:0]
    59/96: $8\alu_op[3:0]
    60/96: $7\imm_type[2:0]
    61/96: $3\result_src[1:0]
    62/96: $7\alu_src[0:0]
    63/96: $8\reg_write[0:0]
    64/96: $7\alu_op[3:0]
    65/96: $6\imm_type[2:0]
    66/96: $2\result_src[1:0]
    67/96: $6\alu_src[0:0]
    68/96: $7\reg_write[0:0]
    69/96: $5\imm_type[2:0]
    70/96: $5\alu_src[0:0]
    71/96: $6\reg_write[0:0]
    72/96: $6\alu_op[3:0]
    73/96: $4\imm_type[2:0]
    74/96: $4\alu_src[0:0]
    75/96: $5\reg_write[0:0]
    76/96: $5\alu_op[3:0]
    77/96: $4\alu_op[3:0]
    78/96: $3\imm_type[2:0]
    79/96: $3\alu_src[0:0]
    80/96: $4\reg_write[0:0]
    81/96: $3\alu_op[3:0]
    82/96: $2\imm_type[2:0]
    83/96: $2\alu_src[0:0]
    84/96: $3\reg_write[0:0]
    85/96: $2\alu_op[3:0]
    86/96: $2\reg_write[0:0]
    87/96: $1\reg_write[0:0]
    88/96: $1\alu_op[3:0]
    89/96: $1\branch_type[2:0]
    90/96: $1\jump_type[1:0]
    91/96: $1\alu_a_pc[0:0]
    92/96: $1\imm_type[2:0]
    93/96: $1\branch[0:0]
    94/96: $1\result_src[1:0]
    95/96: $1\mem_write[0:0]
    96/96: $1\alu_src[0:0]
Creating decoders for process `\pc.$proc$rtl/pc.sv:18$31'.
     1/1: $0\current_pc[31:0]
Creating decoders for process `\pc.$proc$rtl/pc.sv:0$29'.
     1/1: $1\next_pc[31:0]
Creating decoders for process `\rv32i_core.$proc$rtl/rv32i_core.sv:0$26'.
     1/1: $1\load_data[31:0]
Creating decoders for process `\rv32i_core.$proc$rtl/rv32i_core.sv:0$25'.
     1/1: $1\selected_half[15:0]
Creating decoders for process `\rv32i_core.$proc$rtl/rv32i_core.sv:0$24'.
     1/1: $1\selected_byte[7:0]
Creating decoders for process `\rv32i_core.$proc$rtl/rv32i_core.sv:0$20'.
     1/1: $1\target_pc[31:0]
Creating decoders for process `\rv32i_core.$proc$rtl/rv32i_core.sv:0$12'.
     1/2: $2\branch_taken[0:0]
     2/2: $1\branch_taken[0:0]
Creating decoders for process `\rv32i_core.$proc$rtl/rv32i_core.sv:0$4'.
     1/10: $5\data_write_strb[3:0]
     2/10: $5\data_write_data[31:0]
     3/10: $4\data_write_strb[3:0]
     4/10: $4\data_write_data[31:0]
     5/10: $3\data_write_strb[3:0]
     6/10: $3\data_write_data[31:0]
     7/10: $2\data_write_strb[3:0]
     8/10: $2\data_write_data[31:0]
     9/10: $1\data_write_strb[3:0]
    10/10: $1\data_write_data[31:0]
Creating decoders for process `\rv32i_core.$proc$rtl/rv32i_core.sv:0$3'.
     1/1: $1\wb_data[31:0]

9.2.8. Executing PROC_DLATCH pass (convert process syncs to latches).
No latch inferred for signal `\alu.\result' from process `\alu.$proc$rtl/alu.sv:0$68'.
No latch inferred for signal `\immediate_generator.\imm' from process `\immediate_generator.$proc$rtl/immediate_generator.sv:0$67'.
No latch inferred for signal `\decoder.\alu_src' from process `\decoder.$proc$rtl/decoder.sv:0$32'.
No latch inferred for signal `\decoder.\mem_write' from process `\decoder.$proc$rtl/decoder.sv:0$32'.
No latch inferred for signal `\decoder.\result_src' from process `\decoder.$proc$rtl/decoder.sv:0$32'.
No latch inferred for signal `\decoder.\branch' from process `\decoder.$proc$rtl/decoder.sv:0$32'.
No latch inferred for signal `\decoder.\imm_type' from process `\decoder.$proc$rtl/decoder.sv:0$32'.
No latch inferred for signal `\decoder.\alu_op' from process `\decoder.$proc$rtl/decoder.sv:0$32'.
No latch inferred for signal `\decoder.\alu_a_pc' from process `\decoder.$proc$rtl/decoder.sv:0$32'.
No latch inferred for signal `\decoder.\jump_type' from process `\decoder.$proc$rtl/decoder.sv:0$32'.
No latch inferred for signal `\decoder.\reg_write' from process `\decoder.$proc$rtl/decoder.sv:0$32'.
No latch inferred for signal `\decoder.\branch_type' from process `\decoder.$proc$rtl/decoder.sv:0$32'.
No latch inferred for signal `\pc.\next_pc' from process `\pc.$proc$rtl/pc.sv:0$29'.
No latch inferred for signal `\rv32i_core.\load_data' from process `\rv32i_core.$proc$rtl/rv32i_core.sv:0$26'.
No latch inferred for signal `\rv32i_core.\selected_half' from process `\rv32i_core.$proc$rtl/rv32i_core.sv:0$25'.
No latch inferred for signal `\rv32i_core.\selected_byte' from process `\rv32i_core.$proc$rtl/rv32i_core.sv:0$24'.
No latch inferred for signal `\rv32i_core.\target_pc' from process `\rv32i_core.$proc$rtl/rv32i_core.sv:0$20'.
No latch inferred for signal `\rv32i_core.\branch_taken' from process `\rv32i_core.$proc$rtl/rv32i_core.sv:0$12'.
No latch inferred for signal `\rv32i_core.\data_write_data' from process `\rv32i_core.$proc$rtl/rv32i_core.sv:0$4'.
No latch inferred for signal `\rv32i_core.\data_write_strb' from process `\rv32i_core.$proc$rtl/rv32i_core.sv:0$4'.
No latch inferred for signal `\rv32i_core.\wb_data' from process `\rv32i_core.$proc$rtl/rv32i_core.sv:0$3'.

9.2.9. Executing PROC_DFF pass (convert process syncs to FFs).
Creating register for signal `\register_file.$memwr$\registers$rtl/register_file.sv:19$51_ADDR' using process `\register_file.$proc$rtl/register_file.sv:17$58'.
  created $dff cell `$procdff$1334' with positive edge clock.
Creating register for signal `\register_file.$memwr$\registers$rtl/register_file.sv:19$51_DATA' using process `\register_file.$proc$rtl/register_file.sv:17$58'.
  created $dff cell `$procdff$1335' with positive edge clock.
Creating register for signal `\register_file.$memwr$\registers$rtl/register_file.sv:19$51_EN' using process `\register_file.$proc$rtl/register_file.sv:17$58'.
  created $dff cell `$procdff$1336' with positive edge clock.
Creating register for signal `\pc.\current_pc' using process `\pc.$proc$rtl/pc.sv:18$31'.
  created $dff cell `$procdff$1337' with positive edge clock.

9.2.10. Executing PROC_MEMWR pass (convert process memory writes to cells).

9.2.11. Executing PROC_CLEAN pass (remove empty switches from decision trees).
Found and cleaned up 1 empty switch in `\alu.$proc$rtl/alu.sv:0$68'.
Removing empty process `alu.$proc$rtl/alu.sv:0$68'.
Found and cleaned up 1 empty switch in `\immediate_generator.$proc$rtl/immediate_generator.sv:0$67'.
Removing empty process `immediate_generator.$proc$rtl/immediate_generator.sv:0$67'.
Found and cleaned up 1 empty switch in `\register_file.$proc$rtl/register_file.sv:17$58'.
Removing empty process `register_file.$proc$rtl/register_file.sv:17$58'.
Found and cleaned up 21 empty switches in `\decoder.$proc$rtl/decoder.sv:0$32'.
Removing empty process `decoder.$proc$rtl/decoder.sv:0$32'.
Found and cleaned up 1 empty switch in `\pc.$proc$rtl/pc.sv:18$31'.
Removing empty process `pc.$proc$rtl/pc.sv:18$31'.
Found and cleaned up 1 empty switch in `\pc.$proc$rtl/pc.sv:0$29'.
Removing empty process `pc.$proc$rtl/pc.sv:0$29'.
Found and cleaned up 1 empty switch in `\rv32i_core.$proc$rtl/rv32i_core.sv:0$26'.
Removing empty process `rv32i_core.$proc$rtl/rv32i_core.sv:0$26'.
Found and cleaned up 1 empty switch in `\rv32i_core.$proc$rtl/rv32i_core.sv:0$25'.
Removing empty process `rv32i_core.$proc$rtl/rv32i_core.sv:0$25'.
Found and cleaned up 1 empty switch in `\rv32i_core.$proc$rtl/rv32i_core.sv:0$24'.
Removing empty process `rv32i_core.$proc$rtl/rv32i_core.sv:0$24'.
Found and cleaned up 1 empty switch in `\rv32i_core.$proc$rtl/rv32i_core.sv:0$20'.
Removing empty process `rv32i_core.$proc$rtl/rv32i_core.sv:0$20'.
Found and cleaned up 2 empty switches in `\rv32i_core.$proc$rtl/rv32i_core.sv:0$12'.
Removing empty process `rv32i_core.$proc$rtl/rv32i_core.sv:0$12'.
Found and cleaned up 5 empty switches in `\rv32i_core.$proc$rtl/rv32i_core.sv:0$4'.
Removing empty process `rv32i_core.$proc$rtl/rv32i_core.sv:0$4'.
Found and cleaned up 1 empty switch in `\rv32i_core.$proc$rtl/rv32i_core.sv:0$3'.
Removing empty process `rv32i_core.$proc$rtl/rv32i_core.sv:0$3'.
Cleaned up 38 empty switches.

9.2.12. Executing OPT_EXPR pass (perform const folding).
Optimizing module alu.
<suppressed ~1 debug messages>
Optimizing module immediate_generator.
<suppressed ~1 debug messages>
Optimizing module register_file.
<suppressed ~3 debug messages>
Optimizing module decoder.
<suppressed ~11 debug messages>
Optimizing module pc.
Optimizing module rv32i_core.
<suppressed ~14 debug messages>

9.3. Executing FLATTEN pass (flatten design).
Deleting now unused module alu.
Deleting now unused module immediate_generator.
Deleting now unused module register_file.
Deleting now unused module decoder.
Deleting now unused module pc.
<suppressed ~5 debug messages>

9.4. Executing OPT_EXPR pass (perform const folding).
Optimizing module rv32i_core.

9.5. Executing OPT_CLEAN pass (remove unused cells and wires).
Finding unused cells or wires in module \rv32i_core..
Removed 3 unused cells and 274 unused wires.
<suppressed ~4 debug messages>

9.6. Executing CHECK pass (checking for obvious problems).
Checking module rv32i_core...
Found and reported 0 problems.

9.7. Executing OPT pass (performing simple optimizations).

9.7.1. Executing OPT_EXPR pass (perform const folding).
Optimizing module rv32i_core.

9.7.2. Executing OPT_MERGE pass (detect identical cells).
Finding identical cells in module `\rv32i_core'.
<suppressed ~636 debug messages>
Removed a total of 212 cells.

9.7.3. Executing OPT_MUXTREE pass (detect dead branches in mux trees).
Running muxtree optimizer on module \rv32i_core..
  Creating internal representation of mux trees.
  Evaluating internal representation of mux trees.
  Analyzing evaluation results.
    dead port 2/2 on $mux $flatten\u_decoder.$procmux$244.
    dead port 2/2 on $mux $flatten\u_decoder.$procmux$254.
    dead port 2/2 on $mux $flatten\u_decoder.$procmux$264.
    dead port 2/2 on $mux $flatten\u_decoder.$procmux$274.
    dead port 2/2 on $mux $flatten\u_decoder.$procmux$284.
    dead port 2/2 on $mux $flatten\u_decoder.$procmux$1105.
    dead port 2/2 on $mux $flatten\u_decoder.$procmux$294.
    dead port 2/2 on $mux $flatten\u_decoder.$procmux$304.
    dead port 2/2 on $mux $flatten\u_decoder.$procmux$111.
    dead port 2/2 on $mux $flatten\u_decoder.$procmux$314.
    dead port 2/2 on $mux $flatten\u_decoder.$procmux$324.
    dead port 2/2 on $mux $flatten\u_decoder.$procmux$334.
    dead port 2/2 on $mux $flatten\u_decoder.$procmux$1005.
    dead port 2/2 on $mux $flatten\u_decoder.$procmux$344.
    dead port 2/2 on $mux $flatten\u_decoder.$procmux$354.
    dead port 2/2 on $mux $flatten\u_decoder.$procmux$1007.
    dead port 2/2 on $mux $flatten\u_decoder.$procmux$364.
    dead port 2/2 on $mux $flatten\u_decoder.$procmux$374.
    dead port 2/2 on $mux $flatten\u_decoder.$procmux$384.
    dead port 2/2 on $mux $flatten\u_decoder.$procmux$395.
    dead port 2/2 on $mux $flatten\u_decoder.$procmux$406.
    dead port 2/2 on $mux $flatten\u_decoder.$procmux$417.
    dead port 2/2 on $mux $flatten\u_decoder.$procmux$428.
    dead port 2/2 on $mux $flatten\u_decoder.$procmux$1128.
    dead port 2/2 on $mux $flatten\u_decoder.$procmux$439.
    dead port 2/2 on $mux $flatten\u_decoder.$procmux$450.
    dead port 2/2 on $mux $flatten\u_decoder.$procmux$461.
    dead port 2/2 on $mux $flatten\u_decoder.$procmux$472.
    dead port 2/2 on $mux $flatten\u_decoder.$procmux$482.
    dead port 2/2 on $mux $flatten\u_decoder.$procmux$493.
    dead port 2/2 on $mux $flatten\u_decoder.$procmux$504.
    dead port 2/2 on $mux $flatten\u_decoder.$procmux$515.
    dead port 2/2 on $mux $flatten\u_decoder.$procmux$527.
    dead port 2/2 on $mux $flatten\u_decoder.$procmux$539.
    dead port 2/2 on $mux $flatten\u_decoder.$procmux$551.
    dead port 2/2 on $mux $flatten\u_decoder.$procmux$563.
    dead port 2/2 on $mux $flatten\u_decoder.$procmux$575.
    dead port 2/2 on $mux $flatten\u_decoder.$procmux$587.
    dead port 2/2 on $mux $flatten\u_decoder.$procmux$599.
    dead port 2/2 on $mux $flatten\u_decoder.$procmux$1026.
    dead port 2/2 on $mux $flatten\u_decoder.$procmux$611.
    dead port 2/2 on $mux $flatten\u_decoder.$procmux$623.
    dead port 2/2 on $mux $flatten\u_decoder.$procmux$635.
    dead port 2/2 on $mux $flatten\u_decoder.$procmux$647.
    dead port 2/2 on $mux $flatten\u_decoder.$procmux$659.
    dead port 2/2 on $mux $flatten\u_decoder.$procmux$671.
    dead port 2/2 on $mux $flatten\u_decoder.$procmux$683.
    dead port 2/2 on $mux $flatten\u_decoder.$procmux$695.
    dead port 2/2 on $mux $flatten\u_decoder.$procmux$707.
    dead port 2/2 on $mux $flatten\u_decoder.$procmux$116.
    dead port 2/2 on $mux $flatten\u_decoder.$procmux$719.
    dead port 2/2 on $mux $flatten\u_decoder.$procmux$731.
    dead port 2/2 on $mux $flatten\u_decoder.$procmux$743.
    dead port 2/2 on $mux $flatten\u_decoder.$procmux$755.
    dead port 2/2 on $mux $flatten\u_decoder.$procmux$766.
    dead port 2/2 on $mux $flatten\u_decoder.$procmux$777.
    dead port 2/2 on $mux $flatten\u_decoder.$procmux$789.
    dead port 2/2 on $mux $flatten\u_decoder.$procmux$1045.
    dead port 2/2 on $mux $flatten\u_decoder.$procmux$801.
    dead port 2/2 on $mux $flatten\u_decoder.$procmux$813.
    dead port 1/2 on $mux $flatten\u_decoder.$procmux$826.
    dead port 2/2 on $mux $flatten\u_decoder.$procmux$828.
    dead port 2/2 on $mux $flatten\u_decoder.$procmux$830.
    dead port 1/2 on $mux $flatten\u_decoder.$procmux$844.
    dead port 2/2 on $mux $flatten\u_decoder.$procmux$846.
    dead port 2/2 on $mux $flatten\u_decoder.$procmux$848.
    dead port 1/2 on $mux $flatten\u_decoder.$procmux$862.
    dead port 2/2 on $mux $flatten\u_decoder.$procmux$864.
    dead port 2/2 on $mux $flatten\u_decoder.$procmux$866.
    dead port 1/2 on $mux $flatten\u_decoder.$procmux$880.
    dead port 2/2 on $mux $flatten\u_decoder.$procmux$882.
    dead port 2/2 on $mux $flatten\u_decoder.$procmux$884.
    dead port 2/2 on $mux $flatten\u_decoder.$procmux$897.
    dead port 2/2 on $mux $flatten\u_decoder.$procmux$899.
    dead port 2/2 on $mux $flatten\u_decoder.$procmux$912.
    dead port 2/2 on $mux $flatten\u_decoder.$procmux$914.
    dead port 2/2 on $mux $flatten\u_decoder.$procmux$1064.
    dead port 2/2 on $mux $flatten\u_decoder.$procmux$927.
    dead port 2/2 on $mux $flatten\u_decoder.$procmux$929.
    dead port 2/2 on $mux $flatten\u_decoder.$procmux$942.
    dead port 2/2 on $mux $flatten\u_decoder.$procmux$944.
    dead port 2/2 on $mux $flatten\u_decoder.$procmux$958.
    dead port 2/2 on $mux $flatten\u_decoder.$procmux$960.
    dead port 2/2 on $mux $flatten\u_decoder.$procmux$973.
    dead port 2/2 on $mux $flatten\u_decoder.$procmux$121.
    dead port 2/2 on $mux $flatten\u_decoder.$procmux$975.
    dead port 2/2 on $mux $flatten\u_decoder.$procmux$989.
    dead port 2/2 on $mux $flatten\u_decoder.$procmux$991.
    dead port 2/2 on $mux $flatten\u_decoder.$procmux$127.
    dead port 2/2 on $mux $flatten\u_decoder.$procmux$133.
    dead port 2/2 on $mux $flatten\u_decoder.$procmux$138.
    dead port 2/2 on $mux $flatten\u_decoder.$procmux$144.
    dead port 2/2 on $mux $flatten\u_decoder.$procmux$154.
    dead port 2/2 on $mux $procmux$1236.
    dead port 2/2 on $mux $procmux$1246.
    dead port 2/2 on $mux $flatten\u_decoder.$procmux$1083.
    dead port 2/2 on $mux $procmux$1248.
    dead port 2/2 on $mux $procmux$1255.
    dead port 2/2 on $mux $procmux$1257.
    dead port 2/2 on $mux $flatten\u_decoder.$procmux$164.
    dead port 2/2 on $mux $procmux$1266.
    dead port 2/2 on $mux $procmux$1268.
    dead port 2/2 on $mux $flatten\u_decoder.$procmux$174.
    dead port 2/2 on $mux $procmux$1277.
    dead port 2/2 on $mux $procmux$1279.
    dead port 2/2 on $mux $flatten\u_decoder.$procmux$184.
    dead port 2/2 on $mux $flatten\u_decoder.$procmux$194.
    dead port 2/2 on $mux $procmux$1290.
    dead port 2/2 on $mux $procmux$1292.
    dead port 2/2 on $mux $flatten\u_decoder.$procmux$204.
    dead port 2/2 on $mux $procmux$1303.
    dead port 2/2 on $mux $flatten\u_decoder.$procmux$214.
    dead port 2/2 on $mux $procmux$1305.
    dead port 2/2 on $mux $flatten\u_decoder.$procmux$224.
    dead port 2/2 on $mux $procmux$1313.
    dead port 2/2 on $mux $flatten\u_decoder.$procmux$234.
    dead port 2/2 on $mux $procmux$1321.
Removed 117 multiplexer ports.
<suppressed ~24 debug messages>

9.7.4. Executing OPT_REDUCE pass (consolidate $*mux and $reduce_* inputs).
  Optimizing cells in module \rv32i_core.
    New ctrl vector for $pmux cell $flatten\u_decoder.$procmux$1159: $flatten\u_decoder.$procmux$1134_CMP
    New ctrl vector for $pmux cell $flatten\u_decoder.$procmux$1163: { $flatten\u_decoder.$procmux$1008_CMP $flatten\u_decoder.$procmux$1136_CMP $flatten\u_decoder.$procmux$1143_CMP $flatten\u_decoder.$procmux$1142_CMP $auto$opt_reduce.cc:134:opt_pmux$1340 $flatten\u_decoder.$procmux$1133_CMP }
    New ctrl vector for $pmux cell $flatten\u_decoder.$procmux$1117: $auto$opt_reduce.cc:134:opt_pmux$1342
    New ctrl vector for $pmux cell $flatten\u_decoder.$procmux$1055: { $auto$opt_reduce.cc:134:opt_pmux$1344 $flatten\u_decoder.$eq$rtl/decoder.sv:187$37_Y $flatten\u_decoder.$eq$rtl/decoder.sv:208$40_Y }
    New ctrl vector for $pmux cell $flatten\u_decoder.$procmux$1131: { $flatten\u_decoder.$procmux$1106_CMP $flatten\u_decoder.$procmux$1008_CMP $flatten\u_decoder.$procmux$1136_CMP $auto$opt_reduce.cc:134:opt_pmux$1346 $flatten\u_decoder.$procmux$112_CMP }
    New ctrl vector for $pmux cell $flatten\u_decoder.$procmux$1074: { $auto$opt_reduce.cc:134:opt_pmux$1348 $flatten\u_decoder.$eq$rtl/decoder.sv:187$37_Y $flatten\u_decoder.$eq$rtl/decoder.sv:208$40_Y }
    Consolidated identical input bits for $mux cell $flatten\u_register_file.$procmux$99:
      Old ports: A=0, B=32'11111111111111111111111111111111, Y=$flatten\u_register_file.$0$memwr$\registers$rtl/register_file.sv:19$51_EN[31:0]$61
      New ports: A=1'0, B=1'1, Y=$flatten\u_register_file.$0$memwr$\registers$rtl/register_file.sv:19$51_EN[31:0]$61 [0]
      New connections: $flatten\u_register_file.$0$memwr$\registers$rtl/register_file.sv:19$51_EN[31:0]$61 [31:1] = { $flatten\u_register_file.$0$memwr$\registers$rtl/register_file.sv:19$51_EN[31:0]$61 [0] $flatten\u_register_file.$0$memwr$\registers$rtl/register_file.sv:19$51_EN[31:0]$61 [0] $flatten\u_register_file.$0$memwr$\registers$rtl/register_file.sv:19$51_EN[31:0]$61 [0] $flatten\u_register_file.$0$memwr$\registers$rtl/register_file.sv:19$51_EN[31:0]$61 [0] $flatten\u_register_file.$0$memwr$\registers$rtl/register_file.sv:19$51_EN[31:0]$61 [0] $flatten\u_register_file.$0$memwr$\registers$rtl/register_file.sv:19$51_EN[31:0]$61 [0] $flatten\u_register_file.$0$memwr$\registers$rtl/register_file.sv:19$51_EN[31:0]$61 [0] $flatten\u_register_file.$0$memwr$\registers$rtl/register_file.sv:19$51_EN[31:0]$61 [0] $flatten\u_register_file.$0$memwr$\registers$rtl/register_file.sv:19$51_EN[31:0]$61 [0] $flatten\u_register_file.$0$memwr$\registers$rtl/register_file.sv:19$51_EN[31:0]$61 [0] $flatten\u_register_file.$0$memwr$\registers$rtl/register_file.sv:19$51_EN[31:0]$61 [0] $flatten\u_register_file.$0$memwr$\registers$rtl/register_file.sv:19$51_EN[31:0]$61 [0] $flatten\u_register_file.$0$memwr$\registers$rtl/register_file.sv:19$51_EN[31:0]$61 [0] $flatten\u_register_file.$0$memwr$\registers$rtl/register_file.sv:19$51_EN[31:0]$61 [0] $flatten\u_register_file.$0$memwr$\registers$rtl/register_file.sv:19$51_EN[31:0]$61 [0] $flatten\u_register_file.$0$memwr$\registers$rtl/register_file.sv:19$51_EN[31:0]$61 [0] $flatten\u_register_file.$0$memwr$\registers$rtl/register_file.sv:19$51_EN[31:0]$61 [0] $flatten\u_register_file.$0$memwr$\registers$rtl/register_file.sv:19$51_EN[31:0]$61 [0] $flatten\u_register_file.$0$memwr$\registers$rtl/register_file.sv:19$51_EN[31:0]$61 [0] $flatten\u_register_file.$0$memwr$\registers$rtl/register_file.sv:19$51_EN[31:0]$61 [0] $flatten\u_register_file.$0$memwr$\registers$rtl/register_file.sv:19$51_EN[31:0]$61 [0] $flatten\u_register_file.$0$memwr$\registers$rtl/register_file.sv:19$51_EN[31:0]$61 [0] $flatten\u_register_file.$0$memwr$\registers$rtl/register_file.sv:19$51_EN[31:0]$61 [0] $flatten\u_register_file.$0$memwr$\registers$rtl/register_file.sv:19$51_EN[31:0]$61 [0] $flatten\u_register_file.$0$memwr$\registers$rtl/register_file.sv:19$51_EN[31:0]$61 [0] $flatten\u_register_file.$0$memwr$\registers$rtl/register_file.sv:19$51_EN[31:0]$61 [0] $flatten\u_register_file.$0$memwr$\registers$rtl/register_file.sv:19$51_EN[31:0]$61 [0] $flatten\u_register_file.$0$memwr$\registers$rtl/register_file.sv:19$51_EN[31:0]$61 [0] $flatten\u_register_file.$0$memwr$\registers$rtl/register_file.sv:19$51_EN[31:0]$61 [0] $flatten\u_register_file.$0$memwr$\registers$rtl/register_file.sv:19$51_EN[31:0]$61 [0] $flatten\u_register_file.$0$memwr$\registers$rtl/register_file.sv:19$51_EN[31:0]$61 [0] }
    New ctrl vector for $pmux cell $flatten\u_decoder.$procmux$1140: { $flatten\u_decoder.$procmux$1106_CMP $flatten\u_decoder.$procmux$1008_CMP $flatten\u_decoder.$procmux$1136_CMP $flatten\u_decoder.$procmux$1143_CMP $flatten\u_decoder.$procmux$1142_CMP }
    New ctrl vector for $pmux cell $procmux$1223: $eq$rtl/rv32i_core.sv:153$18_Y
    New ctrl vector for $pmux cell $flatten\u_decoder.$procmux$1036: $auto$opt_reduce.cc:134:opt_pmux$1350
    New ctrl vector for $pmux cell $flatten\u_decoder.$procmux$1140: { $flatten\u_decoder.$procmux$1106_CMP $flatten\u_decoder.$procmux$1008_CMP $flatten\u_decoder.$procmux$1136_CMP $flatten\u_decoder.$procmux$1142_CMP }
    New ctrl vector for $pmux cell $flatten\u_decoder.$procmux$1140: { $flatten\u_decoder.$procmux$1106_CMP $flatten\u_decoder.$procmux$1008_CMP $flatten\u_decoder.$procmux$1142_CMP }
    New ctrl vector for $pmux cell $flatten\u_decoder.$procmux$1163: { $flatten\u_decoder.$procmux$1008_CMP $flatten\u_decoder.$procmux$1143_CMP $flatten\u_decoder.$procmux$1142_CMP $auto$opt_reduce.cc:134:opt_pmux$1340 $flatten\u_decoder.$procmux$1133_CMP }
  Optimizing cells in module \rv32i_core.
Performed a total of 24 changes.

9.7.5. Executing OPT_MERGE pass (detect identical cells).
Finding identical cells in module `\rv32i_core'.
<suppressed ~66 debug messages>
Removed a total of 22 cells.

9.7.6. Executing OPT_DFF pass (perform DFF optimizations).

9.7.7. Executing OPT_CLEAN pass (remove unused cells and wires).
Finding unused cells or wires in module \rv32i_core..
Removed 1 unused cells and 363 unused wires.
<suppressed ~2 debug messages>

9.7.8. Executing OPT_EXPR pass (perform const folding).
Optimizing module rv32i_core.

9.7.9. Rerunning OPT passes. (Maybe there is more to do..)

9.7.10. Executing OPT_MUXTREE pass (detect dead branches in mux trees).
Running muxtree optimizer on module \rv32i_core..
  Creating internal representation of mux trees.
  Evaluating internal representation of mux trees.
  Analyzing evaluation results.
Removed 0 multiplexer ports.
<suppressed ~32 debug messages>

9.7.11. Executing OPT_REDUCE pass (consolidate $*mux and $reduce_* inputs).
  Optimizing cells in module \rv32i_core.
Performed a total of 0 changes.

9.7.12. Executing OPT_MERGE pass (detect identical cells).
Finding identical cells in module `\rv32i_core'.
Removed a total of 0 cells.

9.7.13. Executing OPT_DFF pass (perform DFF optimizations).

9.7.14. Executing OPT_CLEAN pass (remove unused cells and wires).
Finding unused cells or wires in module \rv32i_core..

9.7.15. Executing OPT_EXPR pass (perform const folding).
Optimizing module rv32i_core.

9.7.16. Finished OPT passes. (There is nothing left to do.)

9.8. Executing FSM pass (extract and optimize FSM).

9.8.1. Executing FSM_DETECT pass (finding FSMs in design).

9.8.2. Executing FSM_EXTRACT pass (extracting FSM from design).

9.8.3. Executing FSM_OPT pass (simple optimizations of FSMs).

9.8.4. Executing OPT_CLEAN pass (remove unused cells and wires).
Finding unused cells or wires in module \rv32i_core..

9.8.5. Executing FSM_OPT pass (simple optimizations of FSMs).

9.8.6. Executing FSM_RECODE pass (re-assigning FSM state encoding).

9.8.7. Executing FSM_INFO pass (dumping all available information on FSM cells).

9.8.8. Executing FSM_MAP pass (mapping FSMs to basic logic).

9.9. Executing OPT pass (performing simple optimizations).

9.9.1. Executing OPT_EXPR pass (perform const folding).
Optimizing module rv32i_core.

9.9.2. Executing OPT_MERGE pass (detect identical cells).
Finding identical cells in module `\rv32i_core'.
Removed a total of 0 cells.

9.9.3. Executing OPT_MUXTREE pass (detect dead branches in mux trees).
Running muxtree optimizer on module \rv32i_core..
  Creating internal representation of mux trees.
  Evaluating internal representation of mux trees.
  Analyzing evaluation results.
Removed 0 multiplexer ports.
<suppressed ~32 debug messages>

9.9.4. Executing OPT_REDUCE pass (consolidate $*mux and $reduce_* inputs).
  Optimizing cells in module \rv32i_core.
Performed a total of 0 changes.

9.9.5. Executing OPT_MERGE pass (detect identical cells).
Finding identical cells in module `\rv32i_core'.
Removed a total of 0 cells.

9.9.6. Executing OPT_DFF pass (perform DFF optimizations).
Adding SRST signal on $flatten\u_pc.$procdff$1337 ($dff) from module rv32i_core (D = \u_pc.next_pc, Q = \u_pc.current_pc, rval = 0).

9.9.7. Executing OPT_CLEAN pass (remove unused cells and wires).
Finding unused cells or wires in module \rv32i_core..
Removed 1 unused cells and 1 unused wires.
<suppressed ~2 debug messages>

9.9.8. Executing OPT_EXPR pass (perform const folding).
Optimizing module rv32i_core.

9.9.9. Rerunning OPT passes. (Maybe there is more to do..)

9.9.10. Executing OPT_MUXTREE pass (detect dead branches in mux trees).
Running muxtree optimizer on module \rv32i_core..
  Creating internal representation of mux trees.
  Evaluating internal representation of mux trees.
  Analyzing evaluation results.
Removed 0 multiplexer ports.
<suppressed ~32 debug messages>

9.9.11. Executing OPT_REDUCE pass (consolidate $*mux and $reduce_* inputs).
  Optimizing cells in module \rv32i_core.
Performed a total of 0 changes.

9.9.12. Executing OPT_MERGE pass (detect identical cells).
Finding identical cells in module `\rv32i_core'.
Removed a total of 0 cells.

9.9.13. Executing OPT_DFF pass (perform DFF optimizations).

9.9.14. Executing OPT_CLEAN pass (remove unused cells and wires).
Finding unused cells or wires in module \rv32i_core..

9.9.15. Executing OPT_EXPR pass (perform const folding).
Optimizing module rv32i_core.

9.9.16. Finished OPT passes. (There is nothing left to do.)

9.10. Executing WREDUCE pass (reducing word size of cells).
Removed top 1 bits (of 2) from port B of cell rv32i_core.$eq$rtl/rv32i_core.sv:153$16 ($eq).
Removed top 29 bits (of 32) from port B of cell rv32i_core.$add$rtl/rv32i_core.sv:188$27 ($add).
Removed top 1 bits (of 2) from port B of cell rv32i_core.$procmux$1220_CMP0 ($eq).
Removed top 1 bits (of 3) from port B of cell rv32i_core.$procmux$1233_CMP0 ($eq).
Removed top 1 bits (of 3) from port B of cell rv32i_core.$procmux$1234_CMP0 ($eq).
Removed top 2 bits (of 3) from port B of cell rv32i_core.$procmux$1235_CMP0 ($eq).
Removed top 1 bits (of 2) from port B of cell rv32i_core.$procmux$1332_CMP0 ($eq).
Removed top 1 bits (of 7) from port B of cell rv32i_core.$flatten\u_decoder.$procmux$1143_CMP0 ($eq).
Removed top 5 bits (of 7) from port B of cell rv32i_core.$flatten\u_decoder.$procmux$1136_CMP0 ($eq).
Removed top 1 bits (of 7) from port B of cell rv32i_core.$flatten\u_decoder.$procmux$1135_CMP0 ($eq).
Removed top 2 bits (of 7) from port B of cell rv32i_core.$flatten\u_decoder.$procmux$1134_CMP0 ($eq).
Removed top 1 bits (of 7) from port B of cell rv32i_core.$flatten\u_decoder.$procmux$1106_CMP0 ($eq).
Removed top 1 bits (of 10) from port B of cell rv32i_core.$flatten\u_decoder.$procmux$1104_CMP0 ($eq).
Removed top 7 bits (of 10) from port B of cell rv32i_core.$flatten\u_decoder.$procmux$1103_CMP0 ($eq).
Removed top 7 bits (of 10) from port B of cell rv32i_core.$flatten\u_decoder.$procmux$1102_CMP0 ($eq).
Removed top 8 bits (of 10) from port B of cell rv32i_core.$flatten\u_decoder.$procmux$1101_CMP0 ($eq).
Removed top 7 bits (of 10) from port B of cell rv32i_core.$flatten\u_decoder.$procmux$1100_CMP0 ($eq).
Removed top 8 bits (of 10) from port B of cell rv32i_core.$flatten\u_decoder.$procmux$1099_CMP0 ($eq).
Removed top 9 bits (of 10) from port B of cell rv32i_core.$flatten\u_decoder.$procmux$1098_CMP0 ($eq).
Removed top 7 bits (of 10) from port B of cell rv32i_core.$flatten\u_decoder.$procmux$1097_CMP0 ($eq).
Removed top 1 bits (of 10) from port B of cell rv32i_core.$flatten\u_decoder.$procmux$1096_CMP0 ($eq).
Removed top 1 bits (of 3) from port B of cell rv32i_core.$flatten\u_decoder.$procmux$1020_CMP0 ($eq).
Removed top 2 bits (of 7) from port B of cell rv32i_core.$flatten\u_decoder.$procmux$1008_CMP0 ($eq).
Removed top 1 bits (of 4) from mux cell rv32i_core.$flatten\u_decoder.$procmux$956 ($mux).
Removed top 1 bits (of 4) from mux cell rv32i_core.$flatten\u_decoder.$procmux$877 ($mux).
Removed top 1 bits (of 2) from mux cell rv32i_core.$flatten\u_decoder.$procmux$787 ($mux).
Removed top 1 bits (of 2) from mux cell rv32i_core.$flatten\u_decoder.$procmux$729 ($mux).
Removed top 1 bits (of 2) from mux cell rv32i_core.$flatten\u_decoder.$procmux$669 ($mux).
Removed top 1 bits (of 2) from mux cell rv32i_core.$flatten\u_decoder.$procmux$609 ($mux).
Removed top 1 bits (of 2) from mux cell rv32i_core.$flatten\u_decoder.$procmux$549 ($mux).
Removed top 2 bits (of 3) from mux cell rv32i_core.$flatten\u_decoder.$procmux$491 ($mux).
Removed top 2 bits (of 3) from mux cell rv32i_core.$flatten\u_decoder.$procmux$448 ($mux).
Removed top 2 bits (of 3) from mux cell rv32i_core.$flatten\u_decoder.$procmux$404 ($mux).
Removed top 1 bits (of 3) from mux cell rv32i_core.$flatten\u_decoder.$procmux$372 ($mux).
Removed top 3 bits (of 4) from mux cell rv32i_core.$flatten\u_decoder.$procmux$362 ($mux).
Removed top 1 bits (of 3) from mux cell rv32i_core.$flatten\u_decoder.$procmux$332 ($mux).
Removed top 3 bits (of 4) from mux cell rv32i_core.$flatten\u_decoder.$procmux$322 ($mux).
Removed top 1 bits (of 3) from mux cell rv32i_core.$flatten\u_decoder.$procmux$312 ($mux).
Removed top 1 bits (of 3) from mux cell rv32i_core.$flatten\u_decoder.$procmux$292 ($mux).
Removed top 3 bits (of 4) from mux cell rv32i_core.$flatten\u_decoder.$procmux$282 ($mux).
Removed top 1 bits (of 3) from mux cell rv32i_core.$flatten\u_decoder.$procmux$272 ($mux).
Removed top 1 bits (of 3) from mux cell rv32i_core.$flatten\u_decoder.$procmux$252 ($mux).
Removed top 3 bits (of 4) from mux cell rv32i_core.$flatten\u_decoder.$procmux$242 ($mux).
Removed top 1 bits (of 3) from mux cell rv32i_core.$flatten\u_decoder.$procmux$212 ($mux).
Removed top 3 bits (of 4) from mux cell rv32i_core.$flatten\u_decoder.$procmux$202 ($mux).
Removed top 1 bits (of 3) from mux cell rv32i_core.$flatten\u_decoder.$procmux$172 ($mux).
Removed top 3 bits (of 4) from mux cell rv32i_core.$flatten\u_decoder.$procmux$162 ($mux).
Removed top 1 bits (of 3) from port B of cell rv32i_core.$flatten\u_decoder.$eq$rtl/decoder.sv:194$38 ($eq).
Removed top 2 bits (of 3) from port B of cell rv32i_core.$flatten\u_decoder.$eq$rtl/decoder.sv:187$37 ($eq).
Removed top 1 bits (of 7) from port B of cell rv32i_core.$flatten\u_decoder.$eq$rtl/decoder.sv:161$34 ($eq).
Removed top 2 bits (of 3) from port B of cell rv32i_core.$flatten\u_immediate_generator.$procmux$96_CMP0 ($eq).
Removed top 1 bits (of 3) from port B of cell rv32i_core.$flatten\u_immediate_generator.$procmux$95_CMP0 ($eq).
Removed top 1 bits (of 3) from port B of cell rv32i_core.$flatten\u_immediate_generator.$procmux$94_CMP0 ($eq).
Removed top 3 bits (of 4) from port B of cell rv32i_core.$flatten\u_alu.$procmux$89_CMP0 ($eq).
Removed top 2 bits (of 4) from port B of cell rv32i_core.$flatten\u_alu.$procmux$88_CMP0 ($eq).
Removed top 2 bits (of 4) from port B of cell rv32i_core.$flatten\u_alu.$procmux$87_CMP0 ($eq).
Removed top 1 bits (of 4) from port B of cell rv32i_core.$flatten\u_alu.$procmux$86_CMP0 ($eq).
Removed top 1 bits (of 4) from port B of cell rv32i_core.$flatten\u_alu.$procmux$85_CMP0 ($eq).
Removed top 1 bits (of 4) from port B of cell rv32i_core.$flatten\u_alu.$procmux$84_CMP0 ($eq).
Removed top 1 bits (of 4) from port B of cell rv32i_core.$flatten\u_alu.$procmux$83_CMP0 ($eq).
Removed top 2 bits (of 3) from wire rv32i_core.$flatten\u_decoder.$11\imm_type[2:0].
Removed top 2 bits (of 3) from wire rv32i_core.$flatten\u_decoder.$12\imm_type[2:0].
Removed top 2 bits (of 3) from wire rv32i_core.$flatten\u_decoder.$13\imm_type[2:0].
Removed top 1 bits (of 3) from wire rv32i_core.$flatten\u_decoder.$14\imm_type[2:0].
Removed top 3 bits (of 4) from wire rv32i_core.$flatten\u_decoder.$15\alu_op[3:0].
Removed top 1 bits (of 3) from wire rv32i_core.$flatten\u_decoder.$15\imm_type[2:0].
Removed top 3 bits (of 4) from wire rv32i_core.$flatten\u_decoder.$16\alu_op[3:0].
Removed top 1 bits (of 3) from wire rv32i_core.$flatten\u_decoder.$16\imm_type[2:0].
Removed top 3 bits (of 4) from wire rv32i_core.$flatten\u_decoder.$17\alu_op[3:0].
Removed top 1 bits (of 3) from wire rv32i_core.$flatten\u_decoder.$17\imm_type[2:0].
Removed top 3 bits (of 4) from wire rv32i_core.$flatten\u_decoder.$18\alu_op[3:0].
Removed top 1 bits (of 3) from wire rv32i_core.$flatten\u_decoder.$18\imm_type[2:0].
Removed top 3 bits (of 4) from wire rv32i_core.$flatten\u_decoder.$19\alu_op[3:0].
Removed top 1 bits (of 3) from wire rv32i_core.$flatten\u_decoder.$19\imm_type[2:0].
Removed top 1 bits (of 2) from wire rv32i_core.$flatten\u_decoder.$2\result_src[1:0].
Removed top 1 bits (of 2) from wire rv32i_core.$flatten\u_decoder.$3\result_src[1:0].
Removed top 1 bits (of 4) from wire rv32i_core.$flatten\u_decoder.$4\alu_op[3:0].
Removed top 1 bits (of 3) from wire rv32i_core.$flatten\u_decoder.$4\branch_type[2:0].
Removed top 1 bits (of 2) from wire rv32i_core.$flatten\u_decoder.$4\result_src[1:0].
Removed top 1 bits (of 2) from wire rv32i_core.$flatten\u_decoder.$5\result_src[1:0].
Removed top 1 bits (of 4) from wire rv32i_core.$flatten\u_decoder.$6\alu_op[3:0].
Removed top 1 bits (of 2) from wire rv32i_core.$flatten\u_decoder.$6\result_src[1:0].

9.11. Executing PEEPOPT pass (run peephole optimizers).

9.12. Executing OPT_CLEAN pass (remove unused cells and wires).
Finding unused cells or wires in module \rv32i_core..
Removed 0 unused cells and 22 unused wires.
<suppressed ~1 debug messages>

9.13. Executing ALUMACC pass (create $alu and $macc cells).
Extracting $alu and $macc cells in module rv32i_core:
  creating $macc model for $add$rtl/rv32i_core.sv:156$21 ($add).
  creating $macc model for $add$rtl/rv32i_core.sv:188$27 ($add).
  creating $macc model for $flatten\u_alu.$add$rtl/alu.sv:21$69 ($add).
  creating $macc model for $flatten\u_alu.$sub$rtl/alu.sv:22$70 ($sub).
  creating $alu model for $macc $flatten\u_alu.$sub$rtl/alu.sv:22$70.
  creating $alu model for $macc $flatten\u_alu.$add$rtl/alu.sv:21$69.
  creating $alu model for $macc $add$rtl/rv32i_core.sv:188$27.
  creating $alu model for $macc $add$rtl/rv32i_core.sv:156$21.
  creating $alu model for $flatten\u_alu.$lt$rtl/alu.sv:30$77 ($lt): new $alu
  creating $alu model for $flatten\u_alu.$lt$rtl/alu.sv:32$78 ($lt): merged with $flatten\u_alu.$sub$rtl/alu.sv:22$70.
  creating $alu model for $lt$rtl/rv32i_core.sv:137$10 ($lt): new $alu
  creating $alu model for $lt$rtl/rv32i_core.sv:138$11 ($lt): new $alu
  creating $alu model for $eq$rtl/rv32i_core.sv:136$9 ($eq): merged with $lt$rtl/rv32i_core.sv:138$11.
  creating $alu cell for $lt$rtl/rv32i_core.sv:138$11, $eq$rtl/rv32i_core.sv:136$9: $auto$alumacc.cc:485:replace_alu$1377
  creating $alu cell for $lt$rtl/rv32i_core.sv:137$10: $auto$alumacc.cc:485:replace_alu$1388
  creating $alu cell for $add$rtl/rv32i_core.sv:156$21: $auto$alumacc.cc:485:replace_alu$1401
  creating $alu cell for $add$rtl/rv32i_core.sv:188$27: $auto$alumacc.cc:485:replace_alu$1404
  creating $alu cell for $flatten\u_alu.$lt$rtl/alu.sv:30$77: $auto$alumacc.cc:485:replace_alu$1407
  creating $alu cell for $flatten\u_alu.$add$rtl/alu.sv:21$69: $auto$alumacc.cc:485:replace_alu$1414
  creating $alu cell for $flatten\u_alu.$sub$rtl/alu.sv:22$70, $flatten\u_alu.$lt$rtl/alu.sv:32$78: $auto$alumacc.cc:485:replace_alu$1417
  created 7 $alu and 0 $macc cells.

9.14. Executing SHARE pass (SAT-based resource sharing).
Found 5 cells in module rv32i_core that may be considered for resource sharing.
  Analyzing resource sharing options for $flatten\u_register_file.$memrd$\registers$rtl/register_file.sv:15$56 ($memrd):
    Found 23 activation_patterns using ctrl signal { $flatten\u_alu.$procmux$81_CMP $flatten\u_alu.$procmux$82_CMP $flatten\u_alu.$procmux$83_CMP $flatten\u_alu.$procmux$84_CMP $flatten\u_alu.$procmux$85_CMP $flatten\u_alu.$procmux$86_CMP $flatten\u_alu.$procmux$90_CMP $flatten\u_alu.$procmux$89_CMP $flatten\u_register_file.$eq$rtl/register_file.sv:15$55_Y \u_decoder.branch $flatten\u_decoder.$eq$rtl/decoder.sv:180$36_Y $flatten\u_decoder.$eq$rtl/decoder.sv:187$37_Y $flatten\u_decoder.$eq$rtl/decoder.sv:194$38_Y $procmux$1235_CMP $procmux$1234_CMP $procmux$1233_CMP $procmux$1232_CMP $procmux$1231_CMP $procmux$1230_CMP $procmux$1220_CMP $procmux$1218_CMP $procmux$1215_CMP $flatten\u_alu.$procmux$87_CMP $flatten\u_alu.$procmux$88_CMP $eq$rtl/rv32i_core.sv:118$7_Y $logic_and$rtl/rv32i_core.sv:73$6_Y \alu_src }.
    Found 1 candidates: $flatten\u_register_file.$memrd$\registers$rtl/register_file.sv:14$53
    Analyzing resource sharing with $flatten\u_register_file.$memrd$\registers$rtl/register_file.sv:14$53 ($memrd):
      Found 16 activation_patterns using ctrl signal { $flatten\u_alu.$procmux$81_CMP $flatten\u_alu.$procmux$82_CMP $flatten\u_alu.$procmux$83_CMP $flatten\u_alu.$procmux$84_CMP $flatten\u_alu.$procmux$85_CMP $flatten\u_alu.$procmux$86_CMP $flatten\u_alu.$procmux$90_CMP $flatten\u_alu.$procmux$89_CMP $flatten\u_register_file.$eq$rtl/register_file.sv:14$52_Y \u_decoder.branch $procmux$1235_CMP $procmux$1234_CMP $procmux$1233_CMP $procmux$1232_CMP $procmux$1231_CMP $procmux$1230_CMP $flatten\u_alu.$procmux$87_CMP $flatten\u_alu.$procmux$88_CMP \alu_a_pc }.
      Forbidden control signals for this pair of cells: { \u_pc.take_target $procmux$1220_CMP $procmux$1218_CMP $procmux$1215_CMP $eq$rtl/rv32i_core.sv:118$7_Y }
      Activation pattern for cell $flatten\u_register_file.$memrd$\registers$rtl/register_file.sv:15$56: { $flatten\u_register_file.$eq$rtl/register_file.sv:15$55_Y \u_decoder.branch $procmux$1230_CMP } = 3'011
      Activation pattern for cell $flatten\u_register_file.$memrd$\registers$rtl/register_file.sv:15$56: { $flatten\u_register_file.$eq$rtl/register_file.sv:15$55_Y \u_decoder.branch $procmux$1231_CMP } = 3'011
      Activation pattern for cell $flatten\u_register_file.$memrd$\registers$rtl/register_file.sv:15$56: { $flatten\u_register_file.$eq$rtl/register_file.sv:15$55_Y \u_decoder.branch $procmux$1234_CMP } = 3'011
      Activation pattern for cell $flatten\u_register_file.$memrd$\registers$rtl/register_file.sv:15$56: { $flatten\u_register_file.$eq$rtl/register_file.sv:15$55_Y \u_decoder.branch $procmux$1235_CMP } = 3'011
      Activation pattern for cell $flatten\u_register_file.$memrd$\registers$rtl/register_file.sv:15$56: { $flatten\u_register_file.$eq$rtl/register_file.sv:15$55_Y \u_decoder.branch $procmux$1233_CMP } = 3'011
      Activation pattern for cell $flatten\u_register_file.$memrd$\registers$rtl/register_file.sv:15$56: { $flatten\u_register_file.$eq$rtl/register_file.sv:15$55_Y \u_decoder.branch $procmux$1232_CMP } = 3'011
      Activation pattern for cell $flatten\u_register_file.$memrd$\registers$rtl/register_file.sv:15$56: { $flatten\u_alu.$procmux$85_CMP $flatten\u_register_file.$eq$rtl/register_file.sv:15$55_Y \alu_src } = 3'100
      Activation pattern for cell $flatten\u_register_file.$memrd$\registers$rtl/register_file.sv:15$56: { $flatten\u_alu.$procmux$84_CMP $flatten\u_register_file.$eq$rtl/register_file.sv:15$55_Y \alu_src } = 3'100
      Activation pattern for cell $flatten\u_register_file.$memrd$\registers$rtl/register_file.sv:15$56: { $flatten\u_alu.$procmux$83_CMP $flatten\u_register_file.$eq$rtl/register_file.sv:15$55_Y \alu_src } = 3'100
      Activation pattern for cell $flatten\u_register_file.$memrd$\registers$rtl/register_file.sv:15$56: { $flatten\u_alu.$procmux$82_CMP $flatten\u_register_file.$eq$rtl/register_file.sv:15$55_Y \alu_src } = 3'100
      Activation pattern for cell $flatten\u_register_file.$memrd$\registers$rtl/register_file.sv:15$56: { $flatten\u_alu.$procmux$90_CMP $flatten\u_register_file.$eq$rtl/register_file.sv:15$55_Y \alu_src } = 3'100
      Activation pattern for cell $flatten\u_register_file.$memrd$\registers$rtl/register_file.sv:15$56: { $flatten\u_register_file.$eq$rtl/register_file.sv:15$55_Y $flatten\u_alu.$procmux$88_CMP \alu_src } = 3'010
      Activation pattern for cell $flatten\u_register_file.$memrd$\registers$rtl/register_file.sv:15$56: { $flatten\u_alu.$procmux$81_CMP $flatten\u_register_file.$eq$rtl/register_file.sv:15$55_Y \alu_src } = 3'100
      Activation pattern for cell $flatten\u_register_file.$memrd$\registers$rtl/register_file.sv:15$56: { $flatten\u_alu.$procmux$89_CMP $flatten\u_register_file.$eq$rtl/register_file.sv:15$55_Y \alu_src } = 3'100
      Activation pattern for cell $flatten\u_register_file.$memrd$\registers$rtl/register_file.sv:15$56: { $flatten\u_register_file.$eq$rtl/register_file.sv:15$55_Y $flatten\u_alu.$procmux$87_CMP \alu_src } = 3'010
      Activation pattern for cell $flatten\u_register_file.$memrd$\registers$rtl/register_file.sv:15$56: { $flatten\u_alu.$procmux$86_CMP $flatten\u_register_file.$eq$rtl/register_file.sv:15$55_Y \alu_src } = 3'100
      Activation pattern for cell $flatten\u_register_file.$memrd$\registers$rtl/register_file.sv:15$56: { $flatten\u_register_file.$eq$rtl/register_file.sv:15$55_Y $flatten\u_decoder.$eq$rtl/decoder.sv:194$38_Y $logic_and$rtl/rv32i_core.sv:73$6_Y } = 3'011
      Activation pattern for cell $flatten\u_register_file.$memrd$\registers$rtl/register_file.sv:15$56: { $flatten\u_register_file.$eq$rtl/register_file.sv:15$55_Y $flatten\u_decoder.$eq$rtl/decoder.sv:187$37_Y $logic_and$rtl/rv32i_core.sv:73$6_Y } = 3'011
      Activation pattern for cell $flatten\u_register_file.$memrd$\registers$rtl/register_file.sv:15$56: { $flatten\u_register_file.$eq$rtl/register_file.sv:15$55_Y $flatten\u_decoder.$eq$rtl/decoder.sv:180$36_Y $logic_and$rtl/rv32i_core.sv:73$6_Y } = 3'011
      Activation pattern for cell $flatten\u_register_file.$memrd$\registers$rtl/register_file.sv:14$53: { $flatten\u_register_file.$eq$rtl/register_file.sv:14$52_Y \u_decoder.branch $procmux$1230_CMP } = 3'011
      Activation pattern for cell $flatten\u_register_file.$memrd$\registers$rtl/register_file.sv:14$53: { $flatten\u_register_file.$eq$rtl/register_file.sv:14$52_Y \u_decoder.branch $procmux$1231_CMP } = 3'011
      Activation pattern for cell $flatten\u_register_file.$memrd$\registers$rtl/register_file.sv:14$53: { $flatten\u_register_file.$eq$rtl/register_file.sv:14$52_Y \u_decoder.branch $procmux$1234_CMP } = 3'011
      Activation pattern for cell $flatten\u_register_file.$memrd$\registers$rtl/register_file.sv:14$53: { $flatten\u_register_file.$eq$rtl/register_file.sv:14$52_Y \u_decoder.branch $procmux$1235_CMP } = 3'011
      Activation pattern for cell $flatten\u_register_file.$memrd$\registers$rtl/register_file.sv:14$53: { $flatten\u_register_file.$eq$rtl/register_file.sv:14$52_Y \u_decoder.branch $procmux$1233_CMP } = 3'011
      Activation pattern for cell $flatten\u_register_file.$memrd$\registers$rtl/register_file.sv:14$53: { $flatten\u_register_file.$eq$rtl/register_file.sv:14$52_Y \u_decoder.branch $procmux$1232_CMP } = 3'011
      Activation pattern for cell $flatten\u_register_file.$memrd$\registers$rtl/register_file.sv:14$53: { $flatten\u_alu.$procmux$82_CMP $flatten\u_register_file.$eq$rtl/register_file.sv:14$52_Y \alu_a_pc } = 3'100
      Activation pattern for cell $flatten\u_register_file.$memrd$\registers$rtl/register_file.sv:14$53: { $flatten\u_alu.$procmux$90_CMP $flatten\u_register_file.$eq$rtl/register_file.sv:14$52_Y \alu_a_pc } = 3'100
      Activation pattern for cell $flatten\u_register_file.$memrd$\registers$rtl/register_file.sv:14$53: { $flatten\u_register_file.$eq$rtl/register_file.sv:14$52_Y $flatten\u_alu.$procmux$88_CMP \alu_a_pc } = 3'010
      Activation pattern for cell $flatten\u_register_file.$memrd$\registers$rtl/register_file.sv:14$53: { $flatten\u_alu.$procmux$81_CMP $flatten\u_register_file.$eq$rtl/register_file.sv:14$52_Y \alu_a_pc } = 3'100
      Activation pattern for cell $flatten\u_register_file.$memrd$\registers$rtl/register_file.sv:14$53: { $flatten\u_alu.$procmux$89_CMP $flatten\u_register_file.$eq$rtl/register_file.sv:14$52_Y \alu_a_pc } = 3'100
      Activation pattern for cell $flatten\u_register_file.$memrd$\registers$rtl/register_file.sv:14$53: { $flatten\u_register_file.$eq$rtl/register_file.sv:14$52_Y $flatten\u_alu.$procmux$87_CMP \alu_a_pc } = 3'010
      Activation pattern for cell $flatten\u_register_file.$memrd$\registers$rtl/register_file.sv:14$53: { $flatten\u_alu.$procmux$85_CMP $flatten\u_register_file.$eq$rtl/register_file.sv:14$52_Y \alu_a_pc } = 3'100
      Activation pattern for cell $flatten\u_register_file.$memrd$\registers$rtl/register_file.sv:14$53: { $flatten\u_alu.$procmux$84_CMP $flatten\u_register_file.$eq$rtl/register_file.sv:14$52_Y \alu_a_pc } = 3'100
      Activation pattern for cell $flatten\u_register_file.$memrd$\registers$rtl/register_file.sv:14$53: { $flatten\u_alu.$procmux$83_CMP $flatten\u_register_file.$eq$rtl/register_file.sv:14$52_Y \alu_a_pc } = 3'100
      Activation pattern for cell $flatten\u_register_file.$memrd$\registers$rtl/register_file.sv:14$53: { $flatten\u_alu.$procmux$86_CMP $flatten\u_register_file.$eq$rtl/register_file.sv:14$52_Y \alu_a_pc } = 3'100
      Size of SAT problem: 0 cells, 1003 variables, 2970 clauses
      According to the SAT solver this pair of cells can not be shared.
      Model from SAT solver: { $flatten\u_alu.$procmux$81_CMP $flatten\u_alu.$procmux$82_CMP $flatten\u_alu.$procmux$83_CMP $flatten\u_alu.$procmux$84_CMP $flatten\u_alu.$procmux$85_CMP $flatten\u_alu.$procmux$86_CMP $flatten\u_alu.$procmux$90_CMP $flatten\u_alu.$procmux$89_CMP $flatten\u_register_file.$eq$rtl/register_file.sv:14$52_Y $flatten\u_register_file.$eq$rtl/register_file.sv:15$55_Y \u_decoder.branch $flatten\u_decoder.$eq$rtl/decoder.sv:180$36_Y $flatten\u_decoder.$eq$rtl/decoder.sv:187$37_Y $flatten\u_decoder.$eq$rtl/decoder.sv:194$38_Y $procmux$1235_CMP $procmux$1234_CMP $procmux$1233_CMP $procmux$1232_CMP $procmux$1231_CMP $procmux$1230_CMP $flatten\u_alu.$procmux$87_CMP $flatten\u_alu.$procmux$88_CMP $logic_and$rtl/rv32i_core.sv:73$6_Y \alu_a_pc \alu_src } = 25'0000001000000100000000000
  Analyzing resource sharing options for $flatten\u_register_file.$memrd$\registers$rtl/register_file.sv:14$53 ($memrd):
    Found 16 activation_patterns using ctrl signal { $flatten\u_alu.$procmux$81_CMP $flatten\u_alu.$procmux$82_CMP $flatten\u_alu.$procmux$83_CMP $flatten\u_alu.$procmux$84_CMP $flatten\u_alu.$procmux$85_CMP $flatten\u_alu.$procmux$86_CMP $flatten\u_alu.$procmux$90_CMP $flatten\u_alu.$procmux$89_CMP $flatten\u_register_file.$eq$rtl/register_file.sv:14$52_Y \u_decoder.branch $procmux$1235_CMP $procmux$1234_CMP $procmux$1233_CMP $procmux$1232_CMP $procmux$1231_CMP $procmux$1230_CMP $flatten\u_alu.$procmux$87_CMP $flatten\u_alu.$procmux$88_CMP \alu_a_pc }.
    No candidates found.
  Analyzing resource sharing options for $flatten\u_alu.$sshr$rtl/alu.sv:28$76 ($sshr):
    Found 1 activation_patterns using ctrl signal $flatten\u_alu.$procmux$83_CMP.
    No candidates found.
  Analyzing resource sharing options for $flatten\u_alu.$shr$rtl/alu.sv:27$75 ($shr):
    Found 1 activation_patterns using ctrl signal $flatten\u_alu.$procmux$84_CMP.
    No candidates found.
  Analyzing resource sharing options for $flatten\u_alu.$shl$rtl/alu.sv:26$74 ($shl):
    Found 1 activation_patterns using ctrl signal $flatten\u_alu.$procmux$85_CMP.
    No candidates found.

9.15. Executing OPT pass (performing simple optimizations).

9.15.1. Executing OPT_EXPR pass (perform const folding).
Optimizing module rv32i_core.
<suppressed ~2 debug messages>

9.15.2. Executing OPT_MERGE pass (detect identical cells).
Finding identical cells in module `\rv32i_core'.
Removed a total of 0 cells.

9.15.3. Executing OPT_MUXTREE pass (detect dead branches in mux trees).
Running muxtree optimizer on module \rv32i_core..
  Creating internal representation of mux trees.
  Evaluating internal representation of mux trees.
  Analyzing evaluation results.
Removed 0 multiplexer ports.
<suppressed ~32 debug messages>

9.15.4. Executing OPT_REDUCE pass (consolidate $*mux and $reduce_* inputs).
  Optimizing cells in module \rv32i_core.
Performed a total of 0 changes.

9.15.5. Executing OPT_MERGE pass (detect identical cells).
Finding identical cells in module `\rv32i_core'.
<suppressed ~45 debug messages>
Removed a total of 15 cells.

9.15.6. Executing OPT_DFF pass (perform DFF optimizations).

9.15.7. Executing OPT_CLEAN pass (remove unused cells and wires).
Finding unused cells or wires in module \rv32i_core..
Removed 0 unused cells and 22 unused wires.
<suppressed ~1 debug messages>

9.15.8. Executing OPT_EXPR pass (perform const folding).
Optimizing module rv32i_core.

9.15.9. Rerunning OPT passes. (Maybe there is more to do..)

9.15.10. Executing OPT_MUXTREE pass (detect dead branches in mux trees).
Running muxtree optimizer on module \rv32i_core..
  Creating internal representation of mux trees.
  Evaluating internal representation of mux trees.
  Analyzing evaluation results.
Removed 0 multiplexer ports.
<suppressed ~33 debug messages>

9.15.11. Executing OPT_REDUCE pass (consolidate $*mux and $reduce_* inputs).
  Optimizing cells in module \rv32i_core.
Performed a total of 0 changes.

9.15.12. Executing OPT_MERGE pass (detect identical cells).
Finding identical cells in module `\rv32i_core'.
Removed a total of 0 cells.

9.15.13. Executing OPT_DFF pass (perform DFF optimizations).

9.15.14. Executing OPT_CLEAN pass (remove unused cells and wires).
Finding unused cells or wires in module \rv32i_core..

9.15.15. Executing OPT_EXPR pass (perform const folding).
Optimizing module rv32i_core.

9.15.16. Finished OPT passes. (There is nothing left to do.)

9.16. Executing MEMORY pass.

9.16.1. Executing OPT_MEM pass (optimize memories).
Performed a total of 0 transformations.

9.16.2. Executing OPT_MEM_PRIORITY pass (removing unnecessary memory write priority relations).
Performed a total of 0 transformations.

9.16.3. Executing OPT_MEM_FEEDBACK pass (finding memory read-to-write feedback paths).
  Analyzing rv32i_core.u_register_file.registers write port 0.

9.16.4. Executing MEMORY_BMUX2ROM pass (converting muxes to ROMs).

9.16.5. Executing MEMORY_DFF pass (merging $dff cells to $memrd).
Checking read port `\u_register_file.registers'[0] in module `\rv32i_core': no output FF found.
Checking read port `\u_register_file.registers'[1] in module `\rv32i_core': no output FF found.
Checking read port address `\u_register_file.registers'[0] in module `\rv32i_core': no address FF found.
Checking read port address `\u_register_file.registers'[1] in module `\rv32i_core': no address FF found.

9.16.6. Executing OPT_CLEAN pass (remove unused cells and wires).
Finding unused cells or wires in module \rv32i_core..

9.16.7. Executing MEMORY_SHARE pass (consolidating $memrd/$memwr cells).
Consolidating read ports of memory rv32i_core.u_register_file.registers by address:

9.16.8. Executing OPT_MEM_WIDEN pass (optimize memories where all ports are wide).
Performed a total of 0 transformations.

9.16.9. Executing OPT_CLEAN pass (remove unused cells and wires).
Finding unused cells or wires in module \rv32i_core..

9.16.10. Executing MEMORY_COLLECT pass (generating $mem cells).

9.17. Executing OPT_CLEAN pass (remove unused cells and wires).
Finding unused cells or wires in module \rv32i_core..

9.18. Executing OPT pass (performing simple optimizations).

9.18.1. Executing OPT_EXPR pass (perform const folding).
Optimizing module rv32i_core.
<suppressed ~27 debug messages>

9.18.2. Executing OPT_MERGE pass (detect identical cells).
Finding identical cells in module `\rv32i_core'.
Removed a total of 0 cells.

9.18.3. Executing OPT_DFF pass (perform DFF optimizations).
Adding EN signal on $auto$ff.cc:266:slice$1351 ($sdff) from module rv32i_core (D = \u_pc.next_pc [1:0], Q = \u_pc.current_pc [1:0]).

9.18.4. Executing OPT_CLEAN pass (remove unused cells and wires).
Finding unused cells or wires in module \rv32i_core..
Removed 3 unused cells and 11 unused wires.
<suppressed ~4 debug messages>

9.18.5. Rerunning OPT passes. (Removed registers in this run.)

9.18.6. Executing OPT_EXPR pass (perform const folding).
Optimizing module rv32i_core.
<suppressed ~1 debug messages>

9.18.7. Executing OPT_MERGE pass (detect identical cells).
Finding identical cells in module `\rv32i_core'.
Removed a total of 0 cells.

9.18.8. Executing OPT_DFF pass (perform DFF optimizations).

9.18.9. Executing OPT_CLEAN pass (remove unused cells and wires).
Finding unused cells or wires in module \rv32i_core..
Removed 0 unused cells and 1 unused wires.
<suppressed ~1 debug messages>

9.18.10. Finished fast OPT passes.

9.19. Executing MEMORY_MAP pass (converting memories to logic and flip-flops).
Mapping memory \u_register_file.registers in module \rv32i_core:
  created 32 $dff cells and 0 static cells of width 32.
  read interface: 0 $dff and 62 $mux cells.
  write interface: 32 write mux blocks.

9.20. Executing OPT pass (performing simple optimizations).

9.20.1. Executing OPT_EXPR pass (perform const folding).
Optimizing module rv32i_core.
<suppressed ~10 debug messages>

9.20.2. Executing OPT_MERGE pass (detect identical cells).
Finding identical cells in module `\rv32i_core'.
Removed a total of 0 cells.

9.20.3. Executing OPT_MUXTREE pass (detect dead branches in mux trees).
Running muxtree optimizer on module \rv32i_core..
  Creating internal representation of mux trees.
  Evaluating internal representation of mux trees.
  Analyzing evaluation results.
Removed 0 multiplexer ports.
<suppressed ~53 debug messages>

9.20.4. Executing OPT_REDUCE pass (consolidate $*mux and $reduce_* inputs).
  Optimizing cells in module \rv32i_core.
    Consolidated identical input bits for $mux cell $flatten\u_decoder.$procmux$109:
      Old ports: A=2'00, B=2'10, Y=$auto$wreduce.cc:461:run$1355 [1:0]
      New ports: A=1'0, B=1'1, Y=$auto$wreduce.cc:461:run$1355 [1]
      New connections: $auto$wreduce.cc:461:run$1355 [0] = 1'0
    New ctrl vector for $pmux cell $flatten\u_decoder.$procmux$1163: { $flatten\u_decoder.$procmux$1143_CMP $flatten\u_decoder.$procmux$1142_CMP $auto$opt_reduce.cc:134:opt_pmux$1340 $flatten\u_decoder.$procmux$1133_CMP }
    Consolidated identical input bits for $mux cell $flatten\u_decoder.$procmux$125:
      Old ports: A=2'00, B=2'11, Y=$flatten\u_decoder.$7\result_src[1:0]
      New ports: A=1'0, B=1'1, Y=$flatten\u_decoder.$7\result_src[1:0] [0]
      New connections: $flatten\u_decoder.$7\result_src[1:0] [1] = $flatten\u_decoder.$7\result_src[1:0] [0]
    Consolidated identical input bits for $mux cell $flatten\u_decoder.$procmux$877:
      Old ports: A=3'000, B=3'110, Y=$auto$wreduce.cc:461:run$1372 [2:0]
      New ports: A=1'0, B=1'1, Y=$auto$wreduce.cc:461:run$1372 [1]
      New connections: { $auto$wreduce.cc:461:run$1372 [2] $auto$wreduce.cc:461:run$1372 [0] } = { $auto$wreduce.cc:461:run$1372 [1] 1'0 }
    Consolidated identical input bits for $mux cell $flatten\u_decoder.$procmux$940:
      Old ports: A={ 1'0 $auto$wreduce.cc:461:run$1372 [2:0] }, B=4'0111, Y=$flatten\u_decoder.$5\alu_op[3:0]
      New ports: A=$auto$wreduce.cc:461:run$1372 [2:0], B=3'111, Y=$flatten\u_decoder.$5\alu_op[3:0] [2:0]
      New connections: $flatten\u_decoder.$5\alu_op[3:0] [3] = 1'0
    Consolidated identical input bits for $mux cell $flatten\u_decoder.$procmux$956:
      Old ports: A=3'000, B=3'101, Y=$auto$wreduce.cc:461:run$1368 [2:0]
      New ports: A=1'0, B=1'1, Y=$auto$wreduce.cc:461:run$1368 [0]
      New connections: $auto$wreduce.cc:461:run$1368 [2:1] = { $auto$wreduce.cc:461:run$1368 [0] 1'0 }
    Consolidated identical input bits for $mux cell $procmux$1244:
      Old ports: A=4'0000, B=4'1111, Y=$5\data_write_strb[3:0]
      New ports: A=1'0, B=1'1, Y=$5\data_write_strb[3:0] [0]
      New connections: $5\data_write_strb[3:0] [3:1] = { $5\data_write_strb[3:0] [0] $5\data_write_strb[3:0] [0] $5\data_write_strb[3:0] [0] }
    Consolidated identical input bits for $pmux cell $procmux$1263:
      Old ports: A=4'0000, B=8'00111100, Y=$4\data_write_strb[3:0]
      New ports: A=2'00, B=4'0110, Y={ $4\data_write_strb[3:0] [2] $4\data_write_strb[3:0] [0] }
      New connections: { $4\data_write_strb[3:0] [3] $4\data_write_strb[3:0] [1] } = { $4\data_write_strb[3:0] [2] $4\data_write_strb[3:0] [0] }
  Optimizing cells in module \rv32i_core.
    Consolidated identical input bits for $mux cell $flatten\u_decoder.$procmux$332:
      Old ports: A=$auto$wreduce.cc:461:run$1355 [1:0], B=2'10, Y=$auto$wreduce.cc:461:run$1357 [1:0]
      New ports: A=$auto$wreduce.cc:461:run$1355 [1], B=1'1, Y=$auto$wreduce.cc:461:run$1357 [1]
      New connections: $auto$wreduce.cc:461:run$1357 [0] = 1'0
    Consolidated identical input bits for $mux cell $flatten\u_decoder.$procmux$940:
      Old ports: A=$auto$wreduce.cc:461:run$1372 [2:0], B=3'111, Y=$flatten\u_decoder.$5\alu_op[3:0] [2:0]
      New ports: A={ $auto$wreduce.cc:461:run$1372 [1] 1'0 }, B=2'11, Y=$flatten\u_decoder.$5\alu_op[3:0] [1:0]
      New connections: $flatten\u_decoder.$5\alu_op[3:0] [2] = $flatten\u_decoder.$5\alu_op[3:0] [1]
  Optimizing cells in module \rv32i_core.
    Consolidated identical input bits for $mux cell $flatten\u_decoder.$procmux$292:
      Old ports: A=$auto$wreduce.cc:461:run$1357 [1:0], B=2'10, Y=$auto$wreduce.cc:461:run$1359 [1:0]
      New ports: A=$auto$wreduce.cc:461:run$1357 [1], B=1'1, Y=$auto$wreduce.cc:461:run$1359 [1]
      New connections: $auto$wreduce.cc:461:run$1359 [0] = 1'0
  Optimizing cells in module \rv32i_core.
    Consolidated identical input bits for $mux cell $flatten\u_decoder.$procmux$252:
      Old ports: A=$auto$wreduce.cc:461:run$1359 [1:0], B=2'10, Y=$auto$wreduce.cc:461:run$1361 [1:0]
      New ports: A=$auto$wreduce.cc:461:run$1359 [1], B=1'1, Y=$auto$wreduce.cc:461:run$1361 [1]
      New connections: $auto$wreduce.cc:461:run$1361 [0] = 1'0
  Optimizing cells in module \rv32i_core.
    Consolidated identical input bits for $mux cell $flatten\u_decoder.$procmux$212:
      Old ports: A=$auto$wreduce.cc:461:run$1361 [1:0], B=2'10, Y=$auto$wreduce.cc:461:run$1363 [1:0]
      New ports: A=$auto$wreduce.cc:461:run$1361 [1], B=1'1, Y=$auto$wreduce.cc:461:run$1363 [1]
      New connections: $auto$wreduce.cc:461:run$1363 [0] = 1'0
  Optimizing cells in module \rv32i_core.
    Consolidated identical input bits for $mux cell $flatten\u_decoder.$procmux$172:
      Old ports: A=$auto$wreduce.cc:461:run$1363 [1:0], B=2'10, Y=$auto$wreduce.cc:461:run$1365 [1:0]
      New ports: A=$auto$wreduce.cc:461:run$1363 [1], B=1'1, Y=$auto$wreduce.cc:461:run$1365 [1]
      New connections: $auto$wreduce.cc:461:run$1365 [0] = 1'0
  Optimizing cells in module \rv32i_core.
Performed a total of 14 changes.

9.20.5. Executing OPT_MERGE pass (detect identical cells).
Finding identical cells in module `\rv32i_core'.
<suppressed ~6 debug messages>
Removed a total of 2 cells.

9.20.6. Executing OPT_SHARE pass.

9.20.7. Executing OPT_DFF pass (perform DFF optimizations).

9.20.8. Executing OPT_CLEAN pass (remove unused cells and wires).
Finding unused cells or wires in module \rv32i_core..
Removed 0 unused cells and 103 unused wires.
<suppressed ~1 debug messages>

9.20.9. Executing OPT_EXPR pass (perform const folding).
Optimizing module rv32i_core.
<suppressed ~8 debug messages>

9.20.10. Rerunning OPT passes. (Maybe there is more to do..)

9.20.11. Executing OPT_MUXTREE pass (detect dead branches in mux trees).
Running muxtree optimizer on module \rv32i_core..
  Creating internal representation of mux trees.
  Evaluating internal representation of mux trees.
  Analyzing evaluation results.
Removed 0 multiplexer ports.
<suppressed ~52 debug messages>

9.20.12. Executing OPT_REDUCE pass (consolidate $*mux and $reduce_* inputs).
  Optimizing cells in module \rv32i_core.
Performed a total of 0 changes.

9.20.13. Executing OPT_MERGE pass (detect identical cells).
Finding identical cells in module `\rv32i_core'.
<suppressed ~15 debug messages>
Removed a total of 5 cells.

9.20.14. Executing OPT_SHARE pass.

9.20.15. Executing OPT_DFF pass (perform DFF optimizations).
Adding EN signal on $memory\u_register_file.registers[9]$1448 ($dff) from module rv32i_core (D = \u_register_file.rd_data, Q = \u_register_file.registers[9]).
Adding EN signal on $memory\u_register_file.registers[8]$1446 ($dff) from module rv32i_core (D = \u_register_file.rd_data, Q = \u_register_file.registers[8]).
Adding EN signal on $memory\u_register_file.registers[7]$1444 ($dff) from module rv32i_core (D = \u_register_file.rd_data, Q = \u_register_file.registers[7]).
Adding EN signal on $memory\u_register_file.registers[6]$1442 ($dff) from module rv32i_core (D = \u_register_file.rd_data, Q = \u_register_file.registers[6]).
Adding EN signal on $memory\u_register_file.registers[5]$1440 ($dff) from module rv32i_core (D = \u_register_file.rd_data, Q = \u_register_file.registers[5]).
Adding EN signal on $memory\u_register_file.registers[4]$1438 ($dff) from module rv32i_core (D = \u_register_file.rd_data, Q = \u_register_file.registers[4]).
Adding EN signal on $memory\u_register_file.registers[3]$1436 ($dff) from module rv32i_core (D = \u_register_file.rd_data, Q = \u_register_file.registers[3]).
Adding EN signal on $memory\u_register_file.registers[31]$1492 ($dff) from module rv32i_core (D = \u_register_file.rd_data, Q = \u_register_file.registers[31]).
Adding EN signal on $memory\u_register_file.registers[30]$1490 ($dff) from module rv32i_core (D = \u_register_file.rd_data, Q = \u_register_file.registers[30]).
Adding EN signal on $memory\u_register_file.registers[2]$1434 ($dff) from module rv32i_core (D = \u_register_file.rd_data, Q = \u_register_file.registers[2]).
Adding EN signal on $memory\u_register_file.registers[29]$1488 ($dff) from module rv32i_core (D = \u_register_file.rd_data, Q = \u_register_file.registers[29]).
Adding EN signal on $memory\u_register_file.registers[28]$1486 ($dff) from module rv32i_core (D = \u_register_file.rd_data, Q = \u_register_file.registers[28]).
Adding EN signal on $memory\u_register_file.registers[27]$1484 ($dff) from module rv32i_core (D = \u_register_file.rd_data, Q = \u_register_file.registers[27]).
Adding EN signal on $memory\u_register_file.registers[26]$1482 ($dff) from module rv32i_core (D = \u_register_file.rd_data, Q = \u_register_file.registers[26]).
Adding EN signal on $memory\u_register_file.registers[25]$1480 ($dff) from module rv32i_core (D = \u_register_file.rd_data, Q = \u_register_file.registers[25]).
Adding EN signal on $memory\u_register_file.registers[24]$1478 ($dff) from module rv32i_core (D = \u_register_file.rd_data, Q = \u_register_file.registers[24]).
Adding EN signal on $memory\u_register_file.registers[23]$1476 ($dff) from module rv32i_core (D = \u_register_file.rd_data, Q = \u_register_file.registers[23]).
Adding EN signal on $memory\u_register_file.registers[22]$1474 ($dff) from module rv32i_core (D = \u_register_file.rd_data, Q = \u_register_file.registers[22]).
Adding EN signal on $memory\u_register_file.registers[21]$1472 ($dff) from module rv32i_core (D = \u_register_file.rd_data, Q = \u_register_file.registers[21]).
Adding EN signal on $memory\u_register_file.registers[20]$1470 ($dff) from module rv32i_core (D = \u_register_file.rd_data, Q = \u_register_file.registers[20]).
Adding EN signal on $memory\u_register_file.registers[1]$1432 ($dff) from module rv32i_core (D = \u_register_file.rd_data, Q = \u_register_file.registers[1]).
Adding EN signal on $memory\u_register_file.registers[19]$1468 ($dff) from module rv32i_core (D = \u_register_file.rd_data, Q = \u_register_file.registers[19]).
Adding EN signal on $memory\u_register_file.registers[18]$1466 ($dff) from module rv32i_core (D = \u_register_file.rd_data, Q = \u_register_file.registers[18]).
Adding EN signal on $memory\u_register_file.registers[17]$1464 ($dff) from module rv32i_core (D = \u_register_file.rd_data, Q = \u_register_file.registers[17]).
Adding EN signal on $memory\u_register_file.registers[16]$1462 ($dff) from module rv32i_core (D = \u_register_file.rd_data, Q = \u_register_file.registers[16]).
Adding EN signal on $memory\u_register_file.registers[15]$1460 ($dff) from module rv32i_core (D = \u_register_file.rd_data, Q = \u_register_file.registers[15]).
Adding EN signal on $memory\u_register_file.registers[14]$1458 ($dff) from module rv32i_core (D = \u_register_file.rd_data, Q = \u_register_file.registers[14]).
Adding EN signal on $memory\u_register_file.registers[13]$1456 ($dff) from module rv32i_core (D = \u_register_file.rd_data, Q = \u_register_file.registers[13]).
Adding EN signal on $memory\u_register_file.registers[12]$1454 ($dff) from module rv32i_core (D = \u_register_file.rd_data, Q = \u_register_file.registers[12]).
Adding EN signal on $memory\u_register_file.registers[11]$1452 ($dff) from module rv32i_core (D = \u_register_file.rd_data, Q = \u_register_file.registers[11]).
Adding EN signal on $memory\u_register_file.registers[10]$1450 ($dff) from module rv32i_core (D = \u_register_file.rd_data, Q = \u_register_file.registers[10]).
Adding EN signal on $memory\u_register_file.registers[0]$1430 ($dff) from module rv32i_core (D = \u_register_file.rd_data, Q = \u_register_file.registers[0]).

9.20.16. Executing OPT_CLEAN pass (remove unused cells and wires).
Finding unused cells or wires in module \rv32i_core..
Removed 32 unused cells and 40 unused wires.
<suppressed ~33 debug messages>

9.20.17. Executing OPT_EXPR pass (perform const folding).
Optimizing module rv32i_core.

9.20.18. Rerunning OPT passes. (Maybe there is more to do..)

9.20.19. Executing OPT_MUXTREE pass (detect dead branches in mux trees).
Running muxtree optimizer on module \rv32i_core..
  Creating internal representation of mux trees.
  Evaluating internal representation of mux trees.
  Analyzing evaluation results.
Removed 0 multiplexer ports.
<suppressed ~20 debug messages>

9.20.20. Executing OPT_REDUCE pass (consolidate $*mux and $reduce_* inputs).
  Optimizing cells in module \rv32i_core.
Performed a total of 0 changes.

9.20.21. Executing OPT_MERGE pass (detect identical cells).
Finding identical cells in module `\rv32i_core'.
Removed a total of 0 cells.

9.20.22. Executing OPT_SHARE pass.

9.20.23. Executing OPT_DFF pass (perform DFF optimizations).

9.20.24. Executing OPT_CLEAN pass (remove unused cells and wires).
Finding unused cells or wires in module \rv32i_core..

9.20.25. Executing OPT_EXPR pass (perform const folding).
Optimizing module rv32i_core.

9.20.26. Finished OPT passes. (There is nothing left to do.)

9.21. Executing TECHMAP pass (map to technology primitives).

9.21.1. Executing Verilog-2005 frontend: /usr/bin/../share/yosys/techmap.v
Parsing Verilog input from `/usr/bin/../share/yosys/techmap.v' to AST representation.
Generating RTLIL representation for module `\_90_simplemap_bool_ops'.
Generating RTLIL representation for module `\_90_simplemap_reduce_ops'.
Generating RTLIL representation for module `\_90_simplemap_logic_ops'.
Generating RTLIL representation for module `\_90_simplemap_compare_ops'.
Generating RTLIL representation for module `\_90_simplemap_various'.
Generating RTLIL representation for module `\_90_simplemap_registers'.
Generating RTLIL representation for module `\_90_shift_ops_shr_shl_sshl_sshr'.
Generating RTLIL representation for module `\_90_shift_shiftx'.
Generating RTLIL representation for module `\_90_fa'.
Generating RTLIL representation for module `\_90_lcu'.
Generating RTLIL representation for module `\_90_alu'.
Generating RTLIL representation for module `\_90_macc'.
Generating RTLIL representation for module `\_90_alumacc'.
Generating RTLIL representation for module `\$__div_mod_u'.
Generating RTLIL representation for module `\$__div_mod_trunc'.
Generating RTLIL representation for module `\_90_div'.
Generating RTLIL representation for module `\_90_mod'.
Generating RTLIL representation for module `\$__div_mod_floor'.
Generating RTLIL representation for module `\_90_divfloor'.
Generating RTLIL representation for module `\_90_modfloor'.
Generating RTLIL representation for module `\_90_pow'.
Generating RTLIL representation for module `\_90_pmux'.
Generating RTLIL representation for module `\_90_demux'.
Generating RTLIL representation for module `\_90_lut'.
Successfully finished Verilog frontend.

9.21.2. Continuing TECHMAP pass.
Using extmapper simplemap for cells of type $mux.
Using extmapper simplemap for cells of type $logic_not.
Using extmapper simplemap for cells of type $logic_and.
Using template $paramod$2653f68ddb8eab7b1907b4a20767b72a824a7a36\_90_alu for cells of type $alu.
Using template $paramod$59b03ae2620a41577de8da5f5c97b2919e82362b\_90_pmux for cells of type $pmux.
Using template $paramod$fbc7873bff55778c0b3173955b7e4bce1d9d6834\_90_alu for cells of type $alu.
Using extmapper simplemap for cells of type $not.
Using extmapper simplemap for cells of type $dffe.
Using extmapper simplemap for cells of type $eq.
Using extmapper simplemap for cells of type $or.
Using template $paramod$44a13d10af618e7fbe7b9aad2f6151ffcee1e2fa\_90_alu for cells of type $alu.
Using extmapper simplemap for cells of type $and.
Using template $paramod$0d149ffe75563ef6fcc1a3dddc59d00af28651a7\_90_pmux for cells of type $pmux.
Using template $paramod$645fe0cc96ae5edb83bff90cc2c78f4a20ca3e3c\_90_pmux for cells of type $pmux.
Using template $paramod$eaeb96106163dbf82031649d189817109fe07c69\_90_pmux for cells of type $pmux.
Using template $paramod$521ce43182eecb9f60c72393a788160d2c356bf5\_90_pmux for cells of type $pmux.
Using template $paramod$8fabc56b80a569262acfc42757a02ca0b8e91278\_90_pmux for cells of type $pmux.
Using template $paramod$c2e415ef15bc3ccd2723772353a6b450d3d76206\_90_pmux for cells of type $pmux.
Using template $paramod$54d740639e1393b22262823179ff783ea9f17a35\_90_pmux for cells of type $pmux.
Using template $paramod$constmap:4621fcf06a436d1e2a4080e2ed9866a7d07a6e07$paramod$e765c459d3029c22a22a27989e94858fd9ebfa9c\_90_shift_ops_shr_shl_sshl_sshr for cells of type $sshr.
Using template $paramod$constmap:4621fcf06a436d1e2a4080e2ed9866a7d07a6e07$paramod$feecc7a0dbd012970970f2858f15e786e251f677\_90_shift_ops_shr_shl_sshl_sshr for cells of type $shr.
Using template $paramod$constmap:4621fcf06a436d1e2a4080e2ed9866a7d07a6e07$paramod$335cfd09f1afa8139c4aafcbbe5f361887b79c5e\_90_shift_ops_shr_shl_sshl_sshr for cells of type $shl.
Using template $paramod$104d3d1e82b09b030a785dad8a5e608a6d4401f7\_90_pmux for cells of type $pmux.
Using extmapper simplemap for cells of type $reduce_and.
Using extmapper simplemap for cells of type $xor.
Using template $paramod$c5c783b17ab1d780abfad8cfe6563a0a7b47a3b0\_90_pmux for cells of type $pmux.
Using template $paramod$2407ada40cc3dda6c6015be2b49b748cddb5a800\_90_pmux for cells of type $pmux.
Using template $paramod$068ad458e7761d78e5eed8238508872e7b0aef95\_90_pmux for cells of type $pmux.
Using template $paramod$d31bf4d7d72e59528d18fbd4f322e9d608532043\_90_pmux for cells of type $pmux.
Using extmapper simplemap for cells of type $sdff.
Using template $paramod$4d45682f6d5f8751d24fc75184ef72226da353f7\_90_pmux for cells of type $pmux.
Using template $paramod$33afdd83bf3811dac2de7a968d39eea5718691bc\_90_pmux for cells of type $pmux.
Using extmapper simplemap for cells of type $reduce_or.
Using extmapper simplemap for cells of type $sdffe.
Using extmapper simplemap for cells of type $reduce_bool.
Using extmapper simplemap for cells of type $pos.
Using template $paramod\_90_lcu\WIDTH=32'00000000000000000000000000100000 for cells of type $lcu.
Using template $paramod\_90_lcu\WIDTH=32'00000000000000000000000000011110 for cells of type $lcu.
No more expansions possible.
<suppressed ~3591 debug messages>

9.22. Executing OPT pass (performing simple optimizations).

9.22.1. Executing OPT_EXPR pass (perform const folding).
Optimizing module rv32i_core.
<suppressed ~1411 debug messages>

9.22.2. Executing OPT_MERGE pass (detect identical cells).
Finding identical cells in module `\rv32i_core'.
<suppressed ~3516 debug messages>
Removed a total of 1172 cells.

9.22.3. Executing OPT_DFF pass (perform DFF optimizations).

9.22.4. Executing OPT_CLEAN pass (remove unused cells and wires).
Finding unused cells or wires in module \rv32i_core..
Removed 169 unused cells and 2015 unused wires.
<suppressed ~170 debug messages>

9.22.5. Finished fast OPT passes.

9.23. Executing ABC pass (technology mapping using ABC).

9.23.1. Extracting gate netlist of module `\rv32i_core' to `<abc-temp-dir>/input.blif'..
Extracted 5678 gates and 6802 wires to a netlist network with 1121 inputs and 166 outputs.

9.23.1.1. Executing ABC.
Running ABC command: "<yosys-exe-dir>/yosys-abc" -s -f <abc-temp-dir>/abc.script 2>&1
ABC: ABC command line: "source <abc-temp-dir>/abc.script".
ABC: 
ABC: + read_blif <abc-temp-dir>/input.blif 
ABC: + read_library <abc-temp-dir>/stdcells.genlib 
ABC: Entered genlib library with 13 gates from file "<abc-temp-dir>/stdcells.genlib".
ABC: + strash 
ABC: + dretime 
ABC: + map 
ABC: + write_blif <abc-temp-dir>/output.blif 

9.23.1.2. Re-integrating ABC results.
ABC RESULTS:              XNOR cells:       38
ABC RESULTS:               XOR cells:      183
ABC RESULTS:               MUX cells:     2463
ABC RESULTS:               NOR cells:      189
ABC RESULTS:               AND cells:       25
ABC RESULTS:               NOT cells:      152
ABC RESULTS:             ORNOT cells:      171
ABC RESULTS:              NAND cells:       96
ABC RESULTS:                OR cells:      897
ABC RESULTS:            ANDNOT cells:     1393
ABC RESULTS:        internal signals:     5515
ABC RESULTS:           input signals:     1121
ABC RESULTS:          output signals:      166
Removing temp directory.

9.24. Executing OPT pass (performing simple optimizations).

9.24.1. Executing OPT_EXPR pass (perform const folding).
Optimizing module rv32i_core.
<suppressed ~998 debug messages>

9.24.2. Executing OPT_MERGE pass (detect identical cells).
Finding identical cells in module `\rv32i_core'.
<suppressed ~54 debug messages>
Removed a total of 18 cells.

9.24.3. Executing OPT_DFF pass (perform DFF optimizations).

9.24.4. Executing OPT_CLEAN pass (remove unused cells and wires).
Finding unused cells or wires in module \rv32i_core..
Removed 4 unused cells and 2417 unused wires.
<suppressed ~12 debug messages>

9.24.5. Finished fast OPT passes.

9.25. Executing HIERARCHY pass (managing design hierarchy).

9.25.1. Analyzing design hierarchy..
Top module:  \rv32i_core

9.25.2. Analyzing design hierarchy..
Top module:  \rv32i_core
Removed 0 unused modules.

9.26. Printing statistics.

=== rv32i_core ===

   Number of wires:               5554
   Number of wire bits:           7399
   Number of public wires:         102
   Number of public wire bits:    1947
   Number of memories:               0
   Number of memory bits:            0
   Number of processes:              0
   Number of cells:               6641
     $_ANDNOT_                    1390
     $_AND_                         24
     $_DFFE_PP_                   1024
     $_MUX_                       2463
     $_NAND_                        95
     $_NOR_                        189
     $_NOT_                        148
     $_ORNOT_                      170
     $_OR_                         886
     $_SDFFE_PP0N_                   2
     $_SDFF_PP0_                    30
     $_XNOR_                        38
     $_XOR_                        182

9.27. Executing CHECK pass (checking for obvious problems).
Checking module rv32i_core...
Found and reported 0 problems.

10. Executing DFFLIBMAP pass (mapping DFF cells to sequential cells from liberty file).
Warning: Found unsupported expression 'SE*SI+D*!SE' in pin attribute of cell 'SDFFRS_X1' - skipping.
Warning: Found unsupported expression 'SE*SI+D*!SE' in pin attribute of cell 'SDFFRS_X2' - skipping.
Warning: Found unsupported expression 'SE*SI+D*!SE' in pin attribute of cell 'SDFFR_X1' - skipping.
Warning: Found unsupported expression 'SE*SI+D*!SE' in pin attribute of cell 'SDFFR_X2' - skipping.
Warning: Found unsupported expression 'SE*SI+D*!SE' in pin attribute of cell 'SDFFS_X1' - skipping.
Warning: Found unsupported expression 'SE*SI+D*!SE' in pin attribute of cell 'SDFFS_X2' - skipping.
Warning: Found unsupported expression 'SE*SI+D*!SE' in pin attribute of cell 'SDFF_X1' - skipping.
Warning: Found unsupported expression 'SE*SI+D*!SE' in pin attribute of cell 'SDFF_X2' - skipping.
  cell DFF_X1 (noninv, pins=4, area=4.52) is a direct match for cell type $_DFF_P_.
Warning: Found unsupported expression 'SE*SI+D*!SE' in pin attribute of cell 'SDFFRS_X1' - skipping.
Warning: Found unsupported expression 'SE*SI+D*!SE' in pin attribute of cell 'SDFFRS_X2' - skipping.
Warning: Found unsupported expression 'SE*SI+D*!SE' in pin attribute of cell 'SDFFR_X1' - skipping.
Warning: Found unsupported expression 'SE*SI+D*!SE' in pin attribute of cell 'SDFFR_X2' - skipping.
Warning: Found unsupported expression 'SE*SI+D*!SE' in pin attribute of cell 'SDFFS_X1' - skipping.
Warning: Found unsupported expression 'SE*SI+D*!SE' in pin attribute of cell 'SDFFS_X2' - skipping.
Warning: Found unsupported expression 'SE*SI+D*!SE' in pin attribute of cell 'SDFF_X1' - skipping.
Warning: Found unsupported expression 'SE*SI+D*!SE' in pin attribute of cell 'SDFF_X2' - skipping.
  cell DFFR_X1 (noninv, pins=5, area=5.32) is a direct match for cell type $_DFF_PN0_.
Warning: Found unsupported expression 'SE*SI+D*!SE' in pin attribute of cell 'SDFFRS_X1' - skipping.
Warning: Found unsupported expression 'SE*SI+D*!SE' in pin attribute of cell 'SDFFRS_X2' - skipping.
Warning: Found unsupported expression 'SE*SI+D*!SE' in pin attribute of cell 'SDFFR_X1' - skipping.
Warning: Found unsupported expression 'SE*SI+D*!SE' in pin attribute of cell 'SDFFR_X2' - skipping.
Warning: Found unsupported expression 'SE*SI+D*!SE' in pin attribute of cell 'SDFFS_X1' - skipping.
Warning: Found unsupported expression 'SE*SI+D*!SE' in pin attribute of cell 'SDFFS_X2' - skipping.
Warning: Found unsupported expression 'SE*SI+D*!SE' in pin attribute of cell 'SDFF_X1' - skipping.
Warning: Found unsupported expression 'SE*SI+D*!SE' in pin attribute of cell 'SDFF_X2' - skipping.
  cell DFFS_X1 (noninv, pins=5, area=5.32) is a direct match for cell type $_DFF_PN1_.
Warning: Found unsupported expression 'SE*SI+D*!SE' in pin attribute of cell 'SDFFRS_X1' - skipping.
Warning: Found unsupported expression 'SE*SI+D*!SE' in pin attribute of cell 'SDFFRS_X2' - skipping.
Warning: Found unsupported expression 'SE*SI+D*!SE' in pin attribute of cell 'SDFFR_X1' - skipping.
Warning: Found unsupported expression 'SE*SI+D*!SE' in pin attribute of cell 'SDFFR_X2' - skipping.
Warning: Found unsupported expression 'SE*SI+D*!SE' in pin attribute of cell 'SDFFS_X1' - skipping.
Warning: Found unsupported expression 'SE*SI+D*!SE' in pin attribute of cell 'SDFFS_X2' - skipping.
Warning: Found unsupported expression 'SE*SI+D*!SE' in pin attribute of cell 'SDFF_X1' - skipping.
Warning: Found unsupported expression 'SE*SI+D*!SE' in pin attribute of cell 'SDFF_X2' - skipping.
Warning: Found unsupported expression 'SE*SI+D*!SE' in pin attribute of cell 'SDFFRS_X1' - skipping.
Warning: Found unsupported expression 'SE*SI+D*!SE' in pin attribute of cell 'SDFFRS_X2' - skipping.
Warning: Found unsupported expression 'SE*SI+D*!SE' in pin attribute of cell 'SDFFR_X1' - skipping.
Warning: Found unsupported expression 'SE*SI+D*!SE' in pin attribute of cell 'SDFFR_X2' - skipping.
Warning: Found unsupported expression 'SE*SI+D*!SE' in pin attribute of cell 'SDFFS_X1' - skipping.
Warning: Found unsupported expression 'SE*SI+D*!SE' in pin attribute of cell 'SDFFS_X2' - skipping.
Warning: Found unsupported expression 'SE*SI+D*!SE' in pin attribute of cell 'SDFF_X1' - skipping.
Warning: Found unsupported expression 'SE*SI+D*!SE' in pin attribute of cell 'SDFF_X2' - skipping.
Warning: Found unsupported expression 'SE*SI+D*!SE' in pin attribute of cell 'SDFFRS_X1' - skipping.
Warning: Found unsupported expression 'SE*SI+D*!SE' in pin attribute of cell 'SDFFRS_X2' - skipping.
Warning: Found unsupported expression 'SE*SI+D*!SE' in pin attribute of cell 'SDFFR_X1' - skipping.
Warning: Found unsupported expression 'SE*SI+D*!SE' in pin attribute of cell 'SDFFR_X2' - skipping.
Warning: Found unsupported expression 'SE*SI+D*!SE' in pin attribute of cell 'SDFFS_X1' - skipping.
Warning: Found unsupported expression 'SE*SI+D*!SE' in pin attribute of cell 'SDFFS_X2' - skipping.
Warning: Found unsupported expression 'SE*SI+D*!SE' in pin attribute of cell 'SDFF_X1' - skipping.
Warning: Found unsupported expression 'SE*SI+D*!SE' in pin attribute of cell 'SDFF_X2' - skipping.
  cell DFFRS_X1 (noninv, pins=6, area=6.38) is a direct match for cell type $_DFFSR_PNN_.
Warning: Found unsupported expression 'SE*SI+D*!SE' in pin attribute of cell 'SDFFRS_X1' - skipping.
Warning: Found unsupported expression 'SE*SI+D*!SE' in pin attribute of cell 'SDFFRS_X2' - skipping.
Warning: Found unsupported expression 'SE*SI+D*!SE' in pin attribute of cell 'SDFFR_X1' - skipping.
Warning: Found unsupported expression 'SE*SI+D*!SE' in pin attribute of cell 'SDFFR_X2' - skipping.
Warning: Found unsupported expression 'SE*SI+D*!SE' in pin attribute of cell 'SDFFS_X1' - skipping.
Warning: Found unsupported expression 'SE*SI+D*!SE' in pin attribute of cell 'SDFFS_X2' - skipping.
Warning: Found unsupported expression 'SE*SI+D*!SE' in pin attribute of cell 'SDFF_X1' - skipping.
Warning: Found unsupported expression 'SE*SI+D*!SE' in pin attribute of cell 'SDFF_X2' - skipping.
Warning: Found unsupported expression 'SE*SI+D*!SE' in pin attribute of cell 'SDFFRS_X1' - skipping.
Warning: Found unsupported expression 'SE*SI+D*!SE' in pin attribute of cell 'SDFFRS_X2' - skipping.
Warning: Found unsupported expression 'SE*SI+D*!SE' in pin attribute of cell 'SDFFR_X1' - skipping.
Warning: Found unsupported expression 'SE*SI+D*!SE' in pin attribute of cell 'SDFFR_X2' - skipping.
Warning: Found unsupported expression 'SE*SI+D*!SE' in pin attribute of cell 'SDFFS_X1' - skipping.
Warning: Found unsupported expression 'SE*SI+D*!SE' in pin attribute of cell 'SDFFS_X2' - skipping.
Warning: Found unsupported expression 'SE*SI+D*!SE' in pin attribute of cell 'SDFF_X1' - skipping.
Warning: Found unsupported expression 'SE*SI+D*!SE' in pin attribute of cell 'SDFF_X2' - skipping.
Warning: Found unsupported expression 'SE*SI+D*!SE' in pin attribute of cell 'SDFFRS_X1' - skipping.
Warning: Found unsupported expression 'SE*SI+D*!SE' in pin attribute of cell 'SDFFRS_X2' - skipping.
Warning: Found unsupported expression 'SE*SI+D*!SE' in pin attribute of cell 'SDFFR_X1' - skipping.
Warning: Found unsupported expression 'SE*SI+D*!SE' in pin attribute of cell 'SDFFR_X2' - skipping.
Warning: Found unsupported expression 'SE*SI+D*!SE' in pin attribute of cell 'SDFFS_X1' - skipping.
Warning: Found unsupported expression 'SE*SI+D*!SE' in pin attribute of cell 'SDFFS_X2' - skipping.
Warning: Found unsupported expression 'SE*SI+D*!SE' in pin attribute of cell 'SDFF_X1' - skipping.
Warning: Found unsupported expression 'SE*SI+D*!SE' in pin attribute of cell 'SDFF_X2' - skipping.
  final dff cell mappings:
    unmapped dff cell: $_DFF_N_
    \DFF_X1 _DFF_P_ (.CK( C), .D( D), .Q( Q), .QN(~Q));
    unmapped dff cell: $_DFF_NN0_
    unmapped dff cell: $_DFF_NN1_
    unmapped dff cell: $_DFF_NP0_
    unmapped dff cell: $_DFF_NP1_
    \DFFR_X1 _DFF_PN0_ (.CK( C), .D( D), .Q( Q), .QN(~Q), .RN( R));
    \DFFS_X1 _DFF_PN1_ (.CK( C), .D( D), .Q( Q), .QN(~Q), .SN( R));
    unmapped dff cell: $_DFF_PP0_
    unmapped dff cell: $_DFF_PP1_
    unmapped dff cell: $_DFFSR_NNN_
    unmapped dff cell: $_DFFSR_NNP_
    unmapped dff cell: $_DFFSR_NPN_
    unmapped dff cell: $_DFFSR_NPP_
    \DFFRS_X1 _DFFSR_PNN_ (.CK( C), .D( D), .Q( Q), .QN(~Q), .RN( R), .SN( S));
    unmapped dff cell: $_DFFSR_PNP_
    unmapped dff cell: $_DFFSR_PPN_
    unmapped dff cell: $_DFFSR_PPP_

10.1. Executing DFFLEGALIZE pass (convert FFs to types supported by the target).
Mapping DFF cells in module `\rv32i_core':
  mapped 1056 $_DFF_P_ cells to \DFF_X1 cells.

11. Executing ABC pass (technology mapping using ABC).

11.1. Extracting gate netlist of module `\rv32i_core' to `<abc-temp-dir>/input.blif'..
Extracted 6643 gates and 7795 wires to a netlist network with 1151 inputs and 1125 outputs.

11.1.1. Executing ABC.
Running ABC command: "<yosys-exe-dir>/yosys-abc" -s -f <abc-temp-dir>/abc.script 2>&1
ABC: ABC command line: "source <abc-temp-dir>/abc.script".
ABC: 
ABC: + read_blif <abc-temp-dir>/input.blif 
ABC: + read_lib -w /home/terrylin/work/rv32i-single-cycle/build/timing/NangateOpenCellLibrary_typical.lib 
ABC: Parsing finished successfully.  Parsing time =     0.03 sec
ABC: Scl_LibertyReadGenlib() skipped cell "ANTENNA_X1" due to dont_use attribute.
ABC: Scl_LibertyReadGenlib() skipped cell "CLKGATETST_X1" without logic function.
ABC: Scl_LibertyReadGenlib() skipped cell "CLKGATETST_X2" without logic function.
ABC: Scl_LibertyReadGenlib() skipped cell "CLKGATETST_X4" without logic function.
ABC: Scl_LibertyReadGenlib() skipped cell "CLKGATETST_X8" without logic function.
ABC: Scl_LibertyReadGenlib() skipped cell "CLKGATE_X1" without logic function.
ABC: Scl_LibertyReadGenlib() skipped cell "CLKGATE_X2" without logic function.
ABC: Scl_LibertyReadGenlib() skipped cell "CLKGATE_X4" without logic function.
ABC: Scl_LibertyReadGenlib() skipped cell "CLKGATE_X8" without logic function.
ABC: Scl_LibertyReadGenlib() skipped sequential cell "DFFRS_X1".
ABC: Scl_LibertyReadGenlib() skipped sequential cell "DFFRS_X2".
ABC: Scl_LibertyReadGenlib() skipped sequential cell "DFFR_X1".
ABC: Scl_LibertyReadGenlib() skipped sequential cell "DFFR_X2".
ABC: Scl_LibertyReadGenlib() skipped sequential cell "DFFS_X1".
ABC: Scl_LibertyReadGenlib() skipped sequential cell "DFFS_X2".
ABC: Scl_LibertyReadGenlib() skipped sequential cell "DFF_X1".
ABC: Scl_LibertyReadGenlib() skipped sequential cell "DFF_X2".
ABC: Scl_LibertyReadGenlib() skipped sequential cell "DLH_X1".
ABC: Scl_LibertyReadGenlib() skipped sequential cell "DLH_X2".
ABC: Scl_LibertyReadGenlib() skipped sequential cell "DLL_X1".
ABC: Scl_LibertyReadGenlib() skipped sequential cell "DLL_X2".
ABC: Scl_LibertyReadGenlib() skipped cell "FILLCELL_X1" due to dont_use attribute.
ABC: Scl_LibertyReadGenlib() skipped cell "TAPCELL_X1" due to dont_use attribute.
ABC: Scl_LibertyReadGenlib() skipped cell "FILLCELL_X2" due to dont_use attribute.
ABC: Scl_LibertyReadGenlib() skipped cell "FILLCELL_X4" due to dont_use attribute.
ABC: Scl_LibertyReadGenlib() skipped cell "FILLCELL_X8" due to dont_use attribute.
ABC: Scl_LibertyReadGenlib() skipped cell "FILLCELL_X16" due to dont_use attribute.
ABC: Scl_LibertyReadGenlib() skipped cell "FILLCELL_X32" due to dont_use attribute.
ABC: Scl_LibertyReadGenlib() skipped cell "LOGIC0_X1" due to dont_use attribute.
ABC: Scl_LibertyReadGenlib() skipped cell "LOGIC1_X1" due to dont_use attribute.
ABC: Scl_LibertyReadGenlib() skipped sequential cell "SDFFRS_X1".
ABC: Scl_LibertyReadGenlib() skipped sequential cell "SDFFRS_X2".
ABC: Scl_LibertyReadGenlib() skipped sequential cell "SDFFR_X1".
ABC: Scl_LibertyReadGenlib() skipped sequential cell "SDFFR_X2".
ABC: Scl_LibertyReadGenlib() skipped sequential cell "SDFFS_X1".
ABC: Scl_LibertyReadGenlib() skipped sequential cell "SDFFS_X2".
ABC: Scl_LibertyReadGenlib() skipped sequential cell "SDFF_X1".
ABC: Scl_LibertyReadGenlib() skipped sequential cell "SDFF_X2".
ABC: Scl_LibertyReadGenlib() skipped three-state cell "TBUF_X1".
ABC: Scl_LibertyReadGenlib() skipped three-state cell "TBUF_X2".
ABC: Scl_LibertyReadGenlib() skipped three-state cell "TBUF_X4".
ABC: Scl_LibertyReadGenlib() skipped three-state cell "TBUF_X8".
ABC: Scl_LibertyReadGenlib() skipped three-state cell "TBUF_X16".
ABC: Scl_LibertyReadGenlib() skipped three-state cell "TINV_X1".
ABC: Scl_LibertyReadGenlib() skipped sequential cell "TLAT_X1".
ABC: Library "NangateOpenCellLibrary" from "/home/terrylin/work/rv32i-single-cycle/build/timing/NangateOpenCellLibrary_typical.lib" has 90 cells (35 skipped: 21 seq; 6 tri-state; 8 no func; 10 dont_use).  Time =     0.05 sec
ABC: Memory =   11.38 MB. Time =     0.05 sec
ABC: Warning: Detected 2 multi-output gates (for example, "FA_X1").
ABC: + strash 
ABC: + &get -n 
ABC: + &fraig -x 
ABC: + &put 
ABC: + scorr 
ABC: Warning: The network is combinational (run "fraig" or "fraig_sweep").
ABC: + dc2 
ABC: + dretime 
ABC: + strash 
ABC: + &get -n 
ABC: + &dch -f 
ABC: + &nf 
ABC: + &put 
ABC: + write_blif <abc-temp-dir>/output.blif 

11.1.2. Re-integrating ABC results.
ABC RESULTS:          OAI33_X1 cells:        2
ABC RESULTS:         OAI222_X1 cells:        4
ABC RESULTS:         AOI222_X1 cells:       17
ABC RESULTS:            OR4_X1 cells:        3
ABC RESULTS:           AND4_X1 cells:        5
ABC RESULTS:         OAI221_X1 cells:       27
ABC RESULTS:          NAND4_X1 cells:       12
ABC RESULTS:         AOI221_X1 cells:       19
ABC RESULTS:           NOR4_X1 cells:        5
ABC RESULTS:            OR3_X1 cells:       25
ABC RESULTS:         OAI211_X1 cells:       32
ABC RESULTS:           AND3_X1 cells:       21
ABC RESULTS:         AOI211_X1 cells:       44
ABC RESULTS:            INV_X1 cells:      134
ABC RESULTS:          NAND2_X1 cells:      376
ABC RESULTS:          OAI21_X1 cells:      239
ABC RESULTS:           XOR2_X1 cells:       48
ABC RESULTS:          OAI22_X1 cells:       25
ABC RESULTS:          XNOR2_X1 cells:       89
ABC RESULTS:           AND2_X1 cells:      111
ABC RESULTS:          NAND3_X1 cells:       86
ABC RESULTS:            OR2_X1 cells:       73
ABC RESULTS:          AOI22_X1 cells:       61
ABC RESULTS:          AOI21_X1 cells:      262
ABC RESULTS:           NOR2_X1 cells:      253
ABC RESULTS:           NOR3_X1 cells:       99
ABC RESULTS:           MUX2_X1 cells:     3107
ABC RESULTS:            BUF_X1 cells:       32
ABC RESULTS:        internal signals:     5519
ABC RESULTS:           input signals:     1151
ABC RESULTS:          output signals:     1125
Removing temp directory.
Removed 0 unused cells and 7763 unused wires.

12. Executing CHECK pass (checking for obvious problems).
Checking module rv32i_core...
Found and reported 0 problems.

13. Printing statistics.

=== rv32i_core ===

   Number of wires:               6297
   Number of wire bits:           8049
   Number of public wires:          99
   Number of public wire bits:    1851
   Number of memories:               0
   Number of memory bits:            0
   Number of processes:              0
   Number of cells:               6267
     AND2_X1                       111
     AND3_X1                        21
     AND4_X1                         5
     AOI211_X1                      44
     AOI21_X1                      262
     AOI221_X1                      19
     AOI222_X1                      17
     AOI22_X1                       61
     BUF_X1                         32
     DFF_X1                       1056
     INV_X1                        134
     MUX2_X1                      3107
     NAND2_X1                      376
     NAND3_X1                       86
     NAND4_X1                       12
     NOR2_X1                       253
     NOR3_X1                        99
     NOR4_X1                         5
     OAI211_X1                      32
     OAI21_X1                      239
     OAI221_X1                      27
     OAI222_X1                       4
     OAI22_X1                       25
     OAI33_X1                        2
     OR2_X1                         73
     OR3_X1                         25
     OR4_X1                          3
     XNOR2_X1                       89
     XOR2_X1                        48

   Chip area for module '\rv32i_core': 12737.410000

14. Executing Verilog backend.
Dumping module `\rv32i_core'.
